Archive member included to satisfy reference by file (symbol)

d:/liteos studio/resources/arm-none-eabi/bin/../lib/gcc/arm-none-eabi/7.3.1/../../../../arm-none-eabi/lib/thumb/v7e-m/fpv4-sp/hard\libc_nano.a(lib_a-exit.o)
                              d:/liteos studio/resources/arm-none-eabi/bin/../lib/gcc/arm-none-eabi/7.3.1/../../../../arm-none-eabi/lib/thumb/v7e-m/fpv4-sp/hard/crt0.o (exit)
d:/liteos studio/resources/arm-none-eabi/bin/../lib/gcc/arm-none-eabi/7.3.1/../../../../arm-none-eabi/lib/thumb/v7e-m/fpv4-sp/hard\libc_nano.a(lib_a-fprintf.o)
                              build/commandline.o (fprintf)
d:/liteos studio/resources/arm-none-eabi/bin/../lib/gcc/arm-none-eabi/7.3.1/../../../../arm-none-eabi/lib/thumb/v7e-m/fpv4-sp/hard\libc_nano.a(lib_a-fputc.o)
                              build/commandline.o (fputc)
d:/liteos studio/resources/arm-none-eabi/bin/../lib/gcc/arm-none-eabi/7.3.1/../../../../arm-none-eabi/lib/thumb/v7e-m/fpv4-sp/hard\libc_nano.a(lib_a-fputs.o)
                              build/commandline.o (fputs)
d:/liteos studio/resources/arm-none-eabi/bin/../lib/gcc/arm-none-eabi/7.3.1/../../../../arm-none-eabi/lib/thumb/v7e-m/fpv4-sp/hard\libc_nano.a(lib_a-fwrite.o)
                              build/commandline.o (fwrite)
d:/liteos studio/resources/arm-none-eabi/bin/../lib/gcc/arm-none-eabi/7.3.1/../../../../arm-none-eabi/lib/thumb/v7e-m/fpv4-sp/hard\libc_nano.a(lib_a-impure.o)
                              d:/liteos studio/resources/arm-none-eabi/bin/../lib/gcc/arm-none-eabi/7.3.1/../../../../arm-none-eabi/lib/thumb/v7e-m/fpv4-sp/hard\libc_nano.a(lib_a-exit.o) (_global_impure_ptr)
d:/liteos studio/resources/arm-none-eabi/bin/../lib/gcc/arm-none-eabi/7.3.1/../../../../arm-none-eabi/lib/thumb/v7e-m/fpv4-sp/hard\libc_nano.a(lib_a-init.o)
                              d:/liteos studio/resources/arm-none-eabi/bin/../lib/gcc/arm-none-eabi/7.3.1/../../../../arm-none-eabi/lib/thumb/v7e-m/fpv4-sp/hard/crt0.o (__libc_init_array)
d:/liteos studio/resources/arm-none-eabi/bin/../lib/gcc/arm-none-eabi/7.3.1/../../../../arm-none-eabi/lib/thumb/v7e-m/fpv4-sp/hard\libc_nano.a(lib_a-locale.o)
                              build/uri.o (__locale_ctype_ptr)
d:/liteos studio/resources/arm-none-eabi/bin/../lib/gcc/arm-none-eabi/7.3.1/../../../../arm-none-eabi/lib/thumb/v7e-m/fpv4-sp/hard\libc_nano.a(lib_a-mbtowc_r.o)
                              d:/liteos studio/resources/arm-none-eabi/bin/../lib/gcc/arm-none-eabi/7.3.1/../../../../arm-none-eabi/lib/thumb/v7e-m/fpv4-sp/hard\libc_nano.a(lib_a-locale.o) (__ascii_mbtowc)
d:/liteos studio/resources/arm-none-eabi/bin/../lib/gcc/arm-none-eabi/7.3.1/../../../../arm-none-eabi/lib/thumb/v7e-m/fpv4-sp/hard\libc_nano.a(lib_a-memchr.o)
                              build/er-coap-13.o (memchr)
d:/liteos studio/resources/arm-none-eabi/bin/../lib/gcc/arm-none-eabi/7.3.1/../../../../arm-none-eabi/lib/thumb/v7e-m/fpv4-sp/hard\libc_nano.a(lib_a-memcmp.o)
                              build/transaction.o (memcmp)
d:/liteos studio/resources/arm-none-eabi/bin/../lib/gcc/arm-none-eabi/7.3.1/../../../../arm-none-eabi/lib/thumb/v7e-m/fpv4-sp/hard\libc_nano.a(lib_a-memcpy-stub.o)
                              build/hal_rng.o (memcpy)
d:/liteos studio/resources/arm-none-eabi/bin/../lib/gcc/arm-none-eabi/7.3.1/../../../../arm-none-eabi/lib/thumb/v7e-m/fpv4-sp/hard\libc_nano.a(lib_a-memmove.o)
                              build/er-coap-13.o (memmove)
d:/liteos studio/resources/arm-none-eabi/bin/../lib/gcc/arm-none-eabi/7.3.1/../../../../arm-none-eabi/lib/thumb/v7e-m/fpv4-sp/hard\libc_nano.a(lib_a-memset.o)
                              d:/liteos studio/resources/arm-none-eabi/bin/../lib/gcc/arm-none-eabi/7.3.1/../../../../arm-none-eabi/lib/thumb/v7e-m/fpv4-sp/hard/crt0.o (memset)
d:/liteos studio/resources/arm-none-eabi/bin/../lib/gcc/arm-none-eabi/7.3.1/../../../../arm-none-eabi/lib/thumb/v7e-m/fpv4-sp/hard\libc_nano.a(lib_a-nano-vfprintf.o)
                              d:/liteos studio/resources/arm-none-eabi/bin/../lib/gcc/arm-none-eabi/7.3.1/../../../../arm-none-eabi/lib/thumb/v7e-m/fpv4-sp/hard\libc_nano.a(lib_a-fprintf.o) (_vfprintf_r)
d:/liteos studio/resources/arm-none-eabi/bin/../lib/gcc/arm-none-eabi/7.3.1/../../../../arm-none-eabi/lib/thumb/v7e-m/fpv4-sp/hard\libc_nano.a(lib_a-nano-vfprintf_i.o)
                              d:/liteos studio/resources/arm-none-eabi/bin/../lib/gcc/arm-none-eabi/7.3.1/../../../../arm-none-eabi/lib/thumb/v7e-m/fpv4-sp/hard\libc_nano.a(lib_a-nano-vfprintf.o) (_printf_i)
d:/liteos studio/resources/arm-none-eabi/bin/../lib/gcc/arm-none-eabi/7.3.1/../../../../arm-none-eabi/lib/thumb/v7e-m/fpv4-sp/hard\libc_nano.a(lib_a-printf.o)
                              build/los_init.o (printf)
d:/liteos studio/resources/arm-none-eabi/bin/../lib/gcc/arm-none-eabi/7.3.1/../../../../arm-none-eabi/lib/thumb/v7e-m/fpv4-sp/hard\libc_nano.a(lib_a-putc.o)
[...]
Memory Configuration

Name             Origin             Length             Attributes
RAM              0x20000000         0x00010000         xrw
FLASH            0x08000000         0x00040000         xr
*default*        0x00000000         0xffffffff

Linker script and memory map

LOAD d:/liteos studio/resources/arm-none-eabi/bin/../lib/gcc/arm-none-eabi/7.3.1/thumb/v7e-m/fpv4-sp/hard/crti.o
LOAD d:/liteos studio/resources/arm-none-eabi/bin/../lib/gcc/arm-none-eabi/7.3.1/thumb/v7e-m/fpv4-sp/hard/crtbegin.o
LOAD d:/liteos studio/resources/arm-none-eabi/bin/../lib/gcc/arm-none-eabi/7.3.1/../../../../arm-none-eabi/lib/thumb/v7e-m/fpv4-sp/hard/crt0.o
LOAD build/stm32l4xx_hal_flash.o
LOAD build/stm32l4xx_hal_tim_ex.o
LOAD build/stm32l4xx_hal_rcc.o
LOAD build/stm32l4xx_hal_pwr_ex.o
LOAD build/stm32l4xx_hal_pwr.o
LOAD build/stm32l4xx_hal_gpio.o
LOAD build/stm32l4xx_hal_rcc_ex.o
LOAD build/stm32l4xx_hal_flash_ex.o
LOAD build/stm32l4xx_hal_flash_ramfunc.o
LOAD build/stm32l4xx_hal_cortex.o
LOAD build/stm32l4xx_hal_uart.o
LOAD build/stm32l4xx_hal.o
LOAD build/stm32l4xx_hal_tim.o
LOAD build/stm32l4xx_hal_spi.o
LOAD build/stm32l4xx_hal_spi_ex.o
LOAD build/stm32l4xx_hal_adc.o
LOAD build/stm32l4xx_hal_adc_ex.o
LOAD build/stm32l4xx_hal_i2c.o
LOAD build/stm32l4xx_hal_i2c_ex.o
LOAD build/stm32l4xx_hal_qspi.o
LOAD build/stm32l4xx_hal_iwdg.o
LOAD build/hal_qspi_flash.o
LOAD build/hal_iwdg.o
LOAD build/hal_rng.o
LOAD build/BH1750.o
LOAD build/lcd.o
LOAD build/stm32l4xx_hal_dma.o
LOAD build/stm32l4xx_hal_dma_ex.o
LOAD build/stm32l4xx_hal_rng.o
LOAD build/los_init.o
LOAD build/los_tick.o
LOAD build/los_sys.o
LOAD build/los_timeslice.o
LOAD build/los_task.o
LOAD build/los_priqueue.o
LOAD build/los_swtmr.o
LOAD build/los_queue.o
LOAD build/los_event.o
LOAD build/los_sem.o
LOAD build/los_mux.o
LOAD build/los_memory.o
LOAD build/los_heap.o
LOAD build/los_membox.o
LOAD build/los_slab.o
LOAD build/los_slabmem.o
LOAD build/los_memstat.o
LOAD build/los_memcheck.o
LOAD build/los_misc.o
LOAD build/los_err.o
LOAD build/los_tickless.o
LOAD build/cmsis_liteos.o
LOAD build/los_hw_tick.o
LOAD build/los_hwi.o
LOAD build/los_hw.o
LOAD build/los_exc.o
LOAD build/er-coap-13.o
LOAD build/data.o
LOAD build/transaction.o
LOAD build/lwm2m_utils.o
LOAD build/block1.o
LOAD build/json.o
LOAD build/uri.o
LOAD build/bootstrap.o
LOAD build/liblwm2m.o
LOAD build/discover.o
LOAD build/list.o
LOAD build/registration.o
LOAD build/observe.o
LOAD build/objects.o
LOAD build/tlv.o
LOAD build/management.o
LOAD build/packet.o
LOAD build/commandline.o
LOAD build/platform_adapter.o
LOAD build/object_connectivity_moni.o
LOAD build/object_connectivity_stat.o
LOAD build/object_firmware.o
LOAD build/util_timer.o
LOAD build/object_access_control.o
LOAD build/atiny_rpt.o
LOAD build/agenttiny.o
LOAD build/object_binary_app_data_container.o
LOAD build/object_server.o
LOAD build/object_security.o
LOAD build/connection.o
LOAD build/object_location.o
LOAD build/object_device.o
LOAD build/agent_tiny_demo.o
LOAD build/agent_tiny_cmd_ioctl.o
LOAD build/atiny_osdep.o
LOAD build/atiny_socket.o
LOAD build/atiny_log.o
LOAD build/main.o
LOAD build/system_stm32l4xx.o
LOAD build/usart.o
LOAD build/dwt.o
LOAD build/sys_init.o
LOAD build/i2c.o
LOAD build/spi.o
LOAD build/gpio.o
LOAD build/stm32l4xx_it.o
LOAD build/user_task.o
LOAD build/Huawei_IoT_QR_Code.o
LOAD build/at_api.o
LOAD build/at_main.o
LOAD build/at_hal.o
LOAD build/esp8266.o
LOAD build/bc95.o
LOAD build/los_nb_api.o
LOAD build/nb_iot_demo.o
LOAD build/nb_cmd_ioctl.o
LOAD build/los_startup_gcc.o
LOAD build/los_dispatch_gcc.o
LOAD d:/liteos studio/resources/arm-none-eabi/bin/../lib/gcc/arm-none-eabi/7.3.1/../../../../arm-none-eabi/lib/thumb/v7e-m/fpv4-sp/hard\libc_nano.a
LOAD d:/liteos studio/resources/arm-none-eabi/bin/../lib/gcc/arm-none-eabi/7.3.1/../../../../arm-none-eabi/lib/thumb/v7e-m/fpv4-sp/hard\libm.a
LOAD d:/liteos studio/resources/arm-none-eabi/bin/../lib/gcc/arm-none-eabi/7.3.1/../../../../arm-none-eabi/lib/thumb/v7e-m/fpv4-sp/hard\libnosys.a
START GROUP
LOAD d:/liteos studio/resources/arm-none-eabi/bin/../lib/gcc/arm-none-eabi/7.3.1/thumb/v7e-m/fpv4-sp/hard\libgcc.a
LOAD d:/liteos studio/resources/arm-none-eabi/bin/../lib/gcc/arm-none-eabi/7.3.1/../../../../arm-none-eabi/lib/thumb/v7e-m/fpv4-sp/hard\libc_nano.a
END GROUP
START GROUP
LOAD d:/liteos studio/resources/arm-none-eabi/bin/../lib/gcc/arm-none-eabi/7.3.1/thumb/v7e-m/fpv4-sp/hard\libgcc.a
LOAD d:/liteos studio/resources/arm-none-eabi/bin/../lib/gcc/arm-none-eabi/7.3.1/../../../../arm-none-eabi/lib/thumb/v7e-m/fpv4-sp/hard\libc_nano.a
END GROUP
LOAD d:/liteos studio/resources/arm-none-eabi/bin/../lib/gcc/arm-none-eabi/7.3.1/thumb/v7e-m/fpv4-sp/hard/crtend.o
LOAD d:/liteos studio/resources/arm-none-eabi/bin/../lib/gcc/arm-none-eabi/7.3.1/thumb/v7e-m/fpv4-sp/hard/crtn.o
                0x20010000                _estack = 0x20010000
                0x00000200                _Min_Heap_Size = 0x200
                0x00000400                _Min_Stack_Size = 0x400

.isr_vector     0x08000000       0x40
                0x08000000                . = ALIGN (0x8)
 *(.isr_vector)
 .isr_vector    0x08000000       0x40 build/los_startup_gcc.o
                0x08000000                g_pfnVectors
                0x08000040                . = ALIGN (0x8)

.text           0x08000040     0xd570
                0x08000040                . = ALIGN (0x8)
 *(.text)
 .text          0x08000040       0x40 d:/liteos studio/resources/arm-none-eabi/bin/../lib/gcc/arm-none-eabi/7.3.1/thumb/v7e-m/fpv4-sp/hard/crtbegin.o
 .text          0x08000080       0xec build/los_dispatch_gcc.o
                0x08000080                LOS_StartToRun
                0x080000cc                LOS_IntLock
                0x080000d4                LOS_IntUnLock
                0x080000dc                LOS_IntRestore
                0x080000e2                osTaskSchedule
                0x080000ec                PendSV_Handler
 *fill*         0x0800016c        0x4 
 .text          0x08000170       0xa0 d:/liteos studio/resources/arm-none-eabi/bin/../lib/gcc/arm-none-eabi/7.3.1/../../../../arm-none-eabi/lib/thumb/v7e-m/fpv4-sp/hard\libc_nano.a(lib_a-memchr.o)
                0x08000170                memchr
 .text          0x08000210       0x10 d:/liteos studio/resources/arm-none-eabi/bin/../lib/gcc/arm-none-eabi/7.3.1/../../../../arm-none-eabi/lib/thumb/v7e-m/fpv4-sp/hard\libc_nano.a(lib_a-strlen.o)
                0x08000210                strlen
 .text          0x08000220      0x378 d:/liteos studio/resources/arm-none-eabi/bin/../lib/gcc/arm-none-eabi/7.3.1/thumb/v7e-m/fpv4-sp/hard\libgcc.a(_arm_addsubdf3.o)
                0x08000220                __aeabi_drsub
                0x08000228                __aeabi_dsub
                0x08000228                __subdf3
                0x0800022c                __aeabi_dadd
                0x0800022c                __adddf3
                0x080004a4                __floatunsidf
                0x080004a4                __aeabi_ui2d
                0x080004c4                __floatsidf
                0x080004c4                __aeabi_i2d
                0x080004e8                __aeabi_f2d
                0x080004e8                __extendsfdf2
                0x0800052c                __floatundidf
                0x0800052c                __aeabi_ul2d
                0x0800053c                __floatdidf
                0x0800053c                __aeabi_l2d
 .text          0x08000598      0x424 d:/liteos studio/resources/arm-none-eabi/bin/../lib/gcc/arm-none-eabi/7.3.1/thumb/v7e-m/fpv4-sp/hard\libgcc.a(_arm_muldivdf3.o)
                0x08000598                __aeabi_dmul
                0x08000598                __muldf3
                0x080007ec                __divdf3
                0x080007ec                __aeabi_ddiv
 .text          0x080009bc       0xa0 d:/liteos studio/resources/arm-none-eabi/bin/../lib/gcc/arm-none-eabi/7.3.1/thumb/v7e-m/fpv4-sp/hard\libgcc.a(_arm_truncdfsf2.o)
                0x080009bc                __truncdfsf2
                0x080009bc                __aeabi_d2f
 .text          0x08000a5c       0x30 d:/liteos studio/resources/arm-none-eabi/bin/../lib/gcc/arm-none-eabi/7.3.1/thumb/v7e-m/fpv4-sp/hard\libgcc.a(_aeabi_uldivmod.o)
                0x08000a5c                __aeabi_uldivmod
 .text          0x08000a8c      0x2cc d:/liteos studio/resources/arm-none-eabi/bin/../lib/gcc/arm-none-eabi/7.3.1/thumb/v7e-m/fpv4-sp/hard\libgcc.a(_udivmoddi4.o)
                0x08000a8c                __udivmoddi4
 .text          0x08000d58        0x4 d:/liteos studio/resources/arm-none-eabi/bin/../lib/gcc/arm-none-eabi/7.3.1/thumb/v7e-m/fpv4-sp/hard\libgcc.a(_dvmd_tls.o)
                0x08000d58                __aeabi_idiv0
                0x08000d58                __aeabi_ldiv0
 *(.text*)
 .text.HAL_RCC_OscConfig
                0x08000d5c      0x744 build/stm32l4xx_hal_rcc.o
                0x08000d5c                HAL_RCC_OscConfig
 .text.HAL_RCC_ClockConfig
                0x080014a0      0x1b4 build/stm32l4xx_hal_rcc.o
                0x080014a0                HAL_RCC_ClockConfig
 .text.HAL_RCC_GetSysClockFreq
                0x08001654      0x160 build/stm32l4xx_hal_rcc.o
                0x08001654                HAL_RCC_GetSysClockFreq
 .text.HAL_RCC_GetHCLKFreq
                0x080017b4       0x18 build/stm32l4xx_hal_rcc.o
                0x080017b4                HAL_RCC_GetHCLKFreq
 .text.HAL_RCC_GetPCLK1Freq
                0x080017cc       0x28 build/stm32l4xx_hal_rcc.o
                0x080017cc                HAL_RCC_GetPCLK1Freq
 .text.HAL_RCC_GetPCLK2Freq
                0x080017f4       0x28 build/stm32l4xx_hal_rcc.o
                0x080017f4                HAL_RCC_GetPCLK2Freq
 .text.RCC_SetFlashLatencyFromMSIRange
                0x0800181c       0xc4 build/stm32l4xx_hal_rcc.o
 .text.HAL_PWREx_GetVoltageRange
                0x080018e0       0x1c build/stm32l4xx_hal_pwr_ex.o
                0x080018e0                HAL_PWREx_GetVoltageRange
 .text.HAL_PWREx_ControlVoltageScaling
                0x080018fc       0xac build/stm32l4xx_hal_pwr_ex.o
                0x080018fc                HAL_PWREx_ControlVoltageScaling
 .text.HAL_PWR_EnableBkUpAccess
                0x080019a8       0x20 build/stm32l4xx_hal_pwr.o
                0x080019a8                HAL_PWR_EnableBkUpAccess
 .text.HAL_GPIO_Init
                0x080019c8      0x2fc build/stm32l4xx_hal_gpio.o
                0x080019c8                HAL_GPIO_Init
 .text.HAL_GPIO_WritePin
                0x08001cc4       0x30 build/stm32l4xx_hal_gpio.o
                0x08001cc4                HAL_GPIO_WritePin
 .text.HAL_GPIO_TogglePin
                0x08001cf4       0x24 build/stm32l4xx_hal_gpio.o
                0x08001cf4                HAL_GPIO_TogglePin
 .text.HAL_GPIO_EXTI_IRQHandler
                0x08001d18       0x30 build/stm32l4xx_hal_gpio.o
                0x08001d18                HAL_GPIO_EXTI_IRQHandler
 .text.HAL_RCCEx_PeriphCLKConfig
                0x08001d48      0x428 build/stm32l4xx_hal_rcc_ex.o
                0x08001d48                HAL_RCCEx_PeriphCLKConfig
 .text.RCCEx_PLLSAI1_Config
                0x08002170      0x1e4 build/stm32l4xx_hal_rcc_ex.o
 .text.__NVIC_SetPriorityGrouping
                0x08002354       0x48 build/stm32l4xx_hal_cortex.o
 .text.__NVIC_GetPriorityGrouping
                0x0800239c       0x1c build/stm32l4xx_hal_cortex.o
 .text.__NVIC_EnableIRQ
                0x080023b8       0x3c build/stm32l4xx_hal_cortex.o
 .text.__NVIC_SetPriority
                0x080023f4       0x54 build/stm32l4xx_hal_cortex.o
 .text.NVIC_EncodePriority
                0x08002448       0x66 build/stm32l4xx_hal_cortex.o
 *fill*         0x080024ae        0x2 
 .text.SysTick_Config
                0x080024b0       0x44 build/stm32l4xx_hal_cortex.o
 .text.HAL_NVIC_SetPriorityGrouping
                0x080024f4       0x16 build/stm32l4xx_hal_cortex.o
                0x080024f4                HAL_NVIC_SetPriorityGrouping
 .text.HAL_NVIC_SetPriority
                0x0800250a       0x38 build/stm32l4xx_hal_cortex.o
                0x0800250a                HAL_NVIC_SetPriority
 .text.HAL_NVIC_EnableIRQ
                0x08002542       0x1c build/stm32l4xx_hal_cortex.o
                0x08002542                HAL_NVIC_EnableIRQ
 .text.HAL_SYSTICK_Config
                0x0800255e       0x18 build/stm32l4xx_hal_cortex.o
                0x0800255e                HAL_SYSTICK_Config
 .text.HAL_SYSTICK_IRQHandler
                0x08002576        0xc build/stm32l4xx_hal_cortex.o
                0x08002576                HAL_SYSTICK_IRQHandler
 .text.HAL_SYSTICK_Callback
                0x08002582        0xe build/stm32l4xx_hal_cortex.o
                0x08002582                HAL_SYSTICK_Callback
 .text.HAL_UART_Init
                0x08002590       0xa2 build/stm32l4xx_hal_uart.o
                0x08002590                HAL_UART_Init
 .text.HAL_UART_Transmit
                0x08002632      0x11a build/stm32l4xx_hal_uart.o
                0x08002632                HAL_UART_Transmit
 .text.UART_SetConfig
                0x0800274c      0x5ec build/stm32l4xx_hal_uart.o
                0x0800274c                UART_SetConfig
 .text.UART_AdvFeatureConfig
                0x08002d38      0x144 build/stm32l4xx_hal_uart.o
                0x08002d38                UART_AdvFeatureConfig
 .text.UART_CheckIdleState
                0x08002e7c       0x92 build/stm32l4xx_hal_uart.o
                0x08002e7c                UART_CheckIdleState
 .text.UART_WaitOnFlagUntilTimeout
                0x08002f0e       0x94 build/stm32l4xx_hal_uart.o
                0x08002f0e                UART_WaitOnFlagUntilTimeout
 .text.HAL_Init
                0x08002fa2       0x1a build/stm32l4xx_hal.o
                0x08002fa2                HAL_Init
 .text.HAL_MspInit
                0x08002fbc        0xe build/stm32l4xx_hal.o
                0x08002fbc                HAL_MspInit
 *fill*         0x08002fca        0x2 
 .text.HAL_InitTick
                0x08002fcc       0x38 build/stm32l4xx_hal.o
                0x08002fcc                HAL_InitTick
 .text.HAL_IncTick
                0x08003004       0x1c build/stm32l4xx_hal.o
                0x08003004                HAL_IncTick
 .text.HAL_Delay
                0x08003020       0x3a build/stm32l4xx_hal.o
                0x08003020                HAL_Delay
 .text.HAL_SPI_Init
                0x0800305a      0x114 build/stm32l4xx_hal_spi.o
                0x0800305a                HAL_SPI_Init
 .text.HAL_SPI_Transmit
                0x0800316e      0x2ac build/stm32l4xx_hal_spi.o
                0x0800316e                HAL_SPI_Transmit
 .text.SPI_WaitFlagStateUntilTimeout
                0x0800341a       0xd0 build/stm32l4xx_hal_spi.o
 .text.SPI_WaitFifoStateUntilTimeout
                0x080034ea       0xe0 build/stm32l4xx_hal_spi.o
 .text.SPI_EndRxTxTransaction
                0x080035ca       0x8c build/stm32l4xx_hal_spi.o
 .text.HAL_I2C_Init
                0x08003656      0x126 build/stm32l4xx_hal_i2c.o
                0x08003656                HAL_I2C_Init
 .text.HAL_I2C_Master_Transmit
                0x0800377c      0x1e4 build/stm32l4xx_hal_i2c.o
                0x0800377c                HAL_I2C_Master_Transmit
 .text.HAL_I2C_Master_Receive
                0x08003960      0x1e8 build/stm32l4xx_hal_i2c.o
                0x08003960                HAL_I2C_Master_Receive
 .text.I2C_Flush_TXDR
                0x08003b48       0x48 build/stm32l4xx_hal_i2c.o
 .text.I2C_WaitOnFlagUntilTimeout
                0x08003b90       0x80 build/stm32l4xx_hal_i2c.o
 .text.I2C_WaitOnTXISFlagUntilTimeout
                0x08003c10       0x80 build/stm32l4xx_hal_i2c.o
 .text.I2C_WaitOnSTOPFlagUntilTimeout
                0x08003c90       0x78 build/stm32l4xx_hal_i2c.o
 .text.I2C_WaitOnRXNEFlagUntilTimeout
                0x08003d08       0xd8 build/stm32l4xx_hal_i2c.o
 .text.I2C_IsAcknowledgeFailed
                0x08003de0       0xcc build/stm32l4xx_hal_i2c.o
 .text.I2C_TransferConfig
                0x08003eac       0x5c build/stm32l4xx_hal_i2c.o
 .text.HAL_I2CEx_ConfigAnalogFilter
                0x08003f08       0x96 build/stm32l4xx_hal_i2c_ex.o
                0x08003f08                HAL_I2CEx_ConfigAnalogFilter
 .text.HAL_I2CEx_ConfigDigitalFilter
                0x08003f9e       0x98 build/stm32l4xx_hal_i2c_ex.o
                0x08003f9e                HAL_I2CEx_ConfigDigitalFilter
 *fill*         0x08004036        0x2 
 .text.Init_BH1750
                0x08004038       0x28 build/BH1750.o
                0x08004038                Init_BH1750
 .text.Start_BH1750
                0x08004060       0x28 build/BH1750.o
                0x08004060                Start_BH1750
 .text.Convert_BH1750
                0x08004088       0x88 build/BH1750.o
                0x08004088                Convert_BH1750
 .text.LCD_Gpio_Init
                0x08004110       0xc0 build/lcd.o
 .text.LCD_SPI_Send
                0x080041d0       0x1e build/lcd.o
 *fill*         0x080041ee        0x2 
 .text.LCD_Write_Cmd
                0x080041f0       0x2c build/lcd.o
 .text.LCD_Write_Data
                0x0800421c       0x2c build/lcd.o
 .text.LCD_Write_HalfWord
                0x08004248       0x40 build/lcd.o
                0x08004248                LCD_Write_HalfWord
 .text.LCD_Address_Set
                0x08004288       0x98 build/lcd.o
                0x08004288                LCD_Address_Set
 .text.LCD_Clear
                0x08004320       0x8c build/lcd.o
                0x08004320                LCD_Clear
 .text.LCD_ShowChar
                0x080043ac      0x264 build/lcd.o
                0x080043ac                LCD_ShowChar
 .text.LCD_Pow  0x08004610       0x38 build/lcd.o
 .text.LCD_ShowNum
                0x08004648       0xd8 build/lcd.o
                0x08004648                LCD_ShowNum
 .text.LCD_ShowString
                0x08004720       0x96 build/lcd.o
                0x08004720                LCD_ShowString
 *fill*         0x080047b6        0x2 
 .text.LCD_Show_Image
                0x080047b8       0xc0 build/lcd.o
                0x080047b8                LCD_Show_Image
 .text.LCD_Init
                0x08004878      0x1a4 build/lcd.o
                0x08004878                LCD_Init
 .text.osRegister
                0x08004a1c       0x18 build/los_init.o
 .text.LOS_Start
                0x08004a34       0x38 build/los_init.o
                0x08004a34                LOS_Start
 .text.LOS_KernelInit
                0x08004a6c       0xe4 build/los_init.o
                0x08004a6c                LOS_KernelInit
 .text.osTickHandler
                0x08004b50       0x2c build/los_tick.o
                0x08004b50                osTickHandler
 .text.LOS_TickCountGet
                0x08004b7c       0x18 build/los_sys.o
                0x08004b7c                LOS_TickCountGet
 .text.osTimesliceInit
                0x08004b94       0x20 build/los_timeslice.o
                0x08004b94                osTimesliceInit
 .text.osTimesliceCheck
                0x08004bb4       0x5c build/los_timeslice.o
                0x08004bb4                osTimesliceCheck
 .text.LOS_ListInit
                0x08004c10       0x20 build/los_task.o
 .text.LOS_ListAdd
                0x08004c30       0x32 build/los_task.o
 .text.LOS_ListTailInsert
                0x08004c62       0x1e build/los_task.o
 .text.LOS_ListDelete
                0x08004c80       0x34 build/los_task.o
 .text.LOS_ListEmpty
                0x08004cb4       0x24 build/los_task.o
 .text.osIdleTask
                0x08004cd8        0x6 build/los_task.o
                0x08004cd8                osIdleTask
 .text.osTaskPriModify
                0x08004cde       0x66 build/los_task.o
                0x08004cde                osTaskPriModify
 .text.osTaskAdd2TimerList
                0x08004d44      0x110 build/los_task.o
                0x08004d44                osTaskAdd2TimerList
 .text.osTimerListDelete
                0x08004e54       0x64 build/los_task.o
                0x08004e54                osTimerListDelete
 .text.osTaskScan
                0x08004eb8      0x14c build/los_task.o
                0x08004eb8                osTaskScan
 .text.osTaskInit
                0x08005004      0x15c build/los_task.o
                0x08005004                osTaskInit
 .text.osIdleTaskCreate
                0x08005160       0x50 build/los_task.o
                0x08005160                osIdleTaskCreate
 .text.osTaskSwitchCheck
                0x080051b0      0x128 build/los_task.o
                0x080051b0                osTaskSwitchCheck
 .text.osTaskMonInit
                0x080052d8       0x38 build/los_task.o
                0x080052d8                osTaskMonInit
 .text.osTaskEntry
                0x08005310       0x44 build/los_task.o
                0x08005310                osTaskEntry
 .text.LOS_TaskCreateOnly
                0x08005354      0x204 build/los_task.o
                0x08005354                LOS_TaskCreateOnly
 .text.LOS_TaskCreate
                0x08005558       0xc8 build/los_task.o
                0x08005558                LOS_TaskCreate
 .text.LOS_TaskDelete
                0x08005620      0x1ec build/los_task.o
                0x08005620                LOS_TaskDelete
 .text.LOS_TaskDelay
                0x0800580c       0x98 build/los_task.o
                0x0800580c                LOS_TaskDelay
 .text.osTaskWait
                0x080058a4       0x74 build/los_task.o
                0x080058a4                osTaskWait
 .text.osTaskWake
                0x08005918       0x7c build/los_task.o
                0x08005918                osTaskWake
 .text.LOS_TaskYield
                0x08005994       0xac build/los_task.o
                0x08005994                LOS_TaskYield
 .text.LOS_TaskNameGet
                0x08005a40       0x60 build/los_task.o
                0x08005a40                LOS_TaskNameGet
 .text.LOS_ListInit
                0x08005aa0       0x20 build/los_priqueue.o
 .text.LOS_ListAdd
                0x08005ac0       0x32 build/los_priqueue.o
 .text.LOS_ListTailInsert
                0x08005af2       0x1e build/los_priqueue.o
 .text.LOS_ListDelete
                0x08005b10       0x34 build/los_priqueue.o
 .text.LOS_ListEmpty
                0x08005b44       0x24 build/los_priqueue.o
 .text.osPriqueueInit
                0x08005b68       0x64 build/los_priqueue.o
                0x08005b68                osPriqueueInit
 .text.osPriqueueEnqueue
                0x08005bcc       0x54 build/los_priqueue.o
                0x08005bcc                osPriqueueEnqueue
 .text.osPriqueueDequeue
                0x08005c20       0x54 build/los_priqueue.o
                0x08005c20                osPriqueueDequeue
 .text.osPriqueueTop
                0x08005c74       0x40 build/los_priqueue.o
                0x08005c74                osPriqueueTop
 .text.osPriqueueSize
                0x08005cb4       0x50 build/los_priqueue.o
                0x08005cb4                osPriqueueSize
 .text.osSwTmrTask
                0x08005d04       0x64 build/los_swtmr.o
                0x08005d04                osSwTmrTask
 .text.osSwTmrTaskCreate
                0x08005d68       0x48 build/los_swtmr.o
                0x08005d68                osSwTmrTaskCreate
 .text.osSwTmrInit
                0x08005db0       0xdc build/los_swtmr.o
                0x08005db0                osSwTmrInit
 .text.osSwTmrStart
                0x08005e8c      0x2b4 build/los_swtmr.o
                0x08005e8c                osSwTmrStart
 .text.osSwtmrDelete
                0x08006140       0x40 build/los_swtmr.o
 .text.osSwtmrStop
                0x08006180       0xa8 build/los_swtmr.o
                0x08006180                osSwtmrStop
 .text.osSwTmrTimeoutHandle
                0x08006228       0xac build/los_swtmr.o
 .text.osSwtmrScan
                0x080062d4       0x2c build/los_swtmr.o
                0x080062d4                osSwtmrScan
 .text.LOS_SwtmrCreate
                0x08006300      0x104 build/los_swtmr.o
                0x08006300                LOS_SwtmrCreate
 .text.LOS_SwtmrStart
                0x08006404      0x144 build/los_swtmr.o
                0x08006404                LOS_SwtmrStart
 .text.LOS_ListInit
                0x08006548       0x20 build/los_queue.o
 .text.LOS_ListAdd
                0x08006568       0x32 build/los_queue.o
 .text.LOS_ListTailInsert
                0x0800659a       0x1e build/los_queue.o
 .text.LOS_ListDelete
                0x080065b8       0x34 build/los_queue.o
 .text.LOS_ListEmpty
                0x080065ec       0x24 build/los_queue.o
 .text.osQueueInit
                0x08006610       0x8c build/los_queue.o
                0x08006610                osQueueInit
 .text.LOS_QueueCreate
                0x0800669c      0x11c build/los_queue.o
                0x0800669c                LOS_QueueCreate
 .text.osQueueReadParameterCheck
                0x080067b8       0x64 build/los_queue.o
 .text.osQueueWriteParameterCheck
                0x0800681c       0x5c build/los_queue.o
 .text.osQueueBufferOperate
                0x08006878      0x148 build/los_queue.o
 .text.osQueueOperate
                0x080069c0      0x1d0 build/los_queue.o
                0x080069c0                osQueueOperate
 .text.LOS_QueueReadCopy
                0x08006b90       0x44 build/los_queue.o
                0x08006b90                LOS_QueueReadCopy
 .text.LOS_QueueWriteCopy
                0x08006bd4       0x46 build/los_queue.o
                0x08006bd4                LOS_QueueWriteCopy
 *fill*         0x08006c1a        0x2 
 .text.LOS_QueueDelete
                0x08006c1c       0xf8 build/los_queue.o
                0x08006c1c                LOS_QueueDelete
 .text.LOS_ListInit
                0x08006d14       0x20 build/los_sem.o
 .text.LOS_ListAdd
                0x08006d34       0x32 build/los_sem.o
 .text.LOS_ListTailInsert
                0x08006d66       0x1e build/los_sem.o
 .text.LOS_ListDelete
                0x08006d84       0x34 build/los_sem.o
 .text.LOS_ListEmpty
                0x08006db8       0x24 build/los_sem.o
 .text.osSemInit
                0x08006ddc       0x7c build/los_sem.o
                0x08006ddc                osSemInit
 .text.osSemCreate
                0x08006e58       0xc4 build/los_sem.o
                0x08006e58                osSemCreate
 .text.LOS_SemCreate
                0x08006f1c       0x24 build/los_sem.o
                0x08006f1c                LOS_SemCreate
 .text.LOS_SemDelete
                0x08006f40       0xb0 build/los_sem.o
                0x08006f40                LOS_SemDelete
 .text.LOS_SemPend
                0x08006ff0      0x15c build/los_sem.o
                0x08006ff0                LOS_SemPend
 .text.LOS_SemPost
                0x0800714c       0xd0 build/los_sem.o
                0x0800714c                LOS_SemPost
 .text.LOS_ListInit
                0x0800721c       0x20 build/los_mux.o
 .text.LOS_ListAdd
                0x0800723c       0x32 build/los_mux.o
 .text.LOS_ListTailInsert
                0x0800726e       0x1e build/los_mux.o
 .text.LOS_ListDelete
                0x0800728c       0x34 build/los_mux.o
 .text.LOS_ListEmpty
                0x080072c0       0x24 build/los_mux.o
 .text.osMuxInit
                0x080072e4       0x84 build/los_mux.o
                0x080072e4                osMuxInit
 .text.LOS_MuxCreate
                0x08007368       0xa8 build/los_mux.o
                0x08007368                LOS_MuxCreate
 .text.LOS_MuxDelete
                0x08007410       0xc0 build/los_mux.o
                0x08007410                LOS_MuxDelete
 .text.LOS_MuxPend
                0x080074d0      0x1ac build/los_mux.o
                0x080074d0                LOS_MuxPend
 .text.LOS_MuxPost
                0x0800767c      0x120 build/los_mux.o
                0x0800767c                LOS_MuxPost
 .text.osSlabCtrlHdrGet
                0x0800779c       0x18 build/los_memory.o
                0x0800779c                osSlabCtrlHdrGet
 .text.LOS_MemInit
                0x080077b4      0x120 build/los_memory.o
                0x080077b4                LOS_MemInit
 .text.osMemSystemInit
                0x080078d4       0x30 build/los_memory.o
                0x080078d4                osMemSystemInit
 .text.LOS_MemAlloc
                0x08007904       0x42 build/los_memory.o
                0x08007904                LOS_MemAlloc
 .text.LOS_MemAllocAlign
                0x08007946       0x20 build/los_memory.o
                0x08007946                LOS_MemAllocAlign
 .text.LOS_MemFree
                0x08007966       0x4c build/los_memory.o
                0x08007966                LOS_MemFree
 .text.osHeapPrvGetNext
                0x080079b2       0x32 build/los_heap.o
                0x080079b2                osHeapPrvGetNext
 .text.osHeapInit
                0x080079e4       0x70 build/los_heap.o
                0x080079e4                osHeapInit
 .text.osHeapAlloc
                0x08007a54      0x1a8 build/los_heap.o
                0x08007a54                osHeapAlloc
 .text.osHeapAllocAlign
                0x08007bfc       0x94 build/los_heap.o
                0x08007bfc                osHeapAllocAlign
 .text.osHeapFree
                0x08007c90      0x1b4 build/los_heap.o
                0x08007c90                osHeapFree
 .text.osAlarmHeapInfo
                0x08007e44       0x32 build/los_heap.o
                0x08007e44                osAlarmHeapInfo
 *fill*         0x08007e76        0x2 
 .text.osHeapStatisticsGet
                0x08007e78       0xb0 build/los_heap.o
                0x08007e78                osHeapStatisticsGet
 .text.osAtomicBitsetInit
                0x08007f28       0x4e build/los_slab.o
                0x08007f28                osAtomicBitsetInit
 .text.osAtomicBitsetGetNumBits
                0x08007f76       0x18 build/los_slab.o
                0x08007f76                osAtomicBitsetGetNumBits
 .text.osAtomicBitsetGetBit
                0x08007f8e       0x48 build/los_slab.o
                0x08007f8e                osAtomicBitsetGetBit
 .text.osAtomicBitsetClearBit
                0x08007fd6       0x48 build/los_slab.o
                0x08007fd6                osAtomicBitsetClearBit
 .text.osAtomicBitsetFindClearAndSet
                0x0800801e       0x8e build/los_slab.o
                0x0800801e                osAtomicBitsetFindClearAndSet
 .text.osSlabAllocatorNew
                0x080080ac       0x8c build/los_slab.o
                0x080080ac                osSlabAllocatorNew
 .text.osSlabAllocatorAlloc
                0x08008138       0x36 build/los_slab.o
                0x08008138                osSlabAllocatorAlloc
 .text.osSlabAllocatorFree
                0x0800816e       0x76 build/los_slab.o
                0x0800816e                osSlabAllocatorFree
 .text.osSlabBlockHeadFill
                0x080081e4       0x30 build/los_slabmem.o
                0x080081e4                osSlabBlockHeadFill
 .text.osSlabMemInit
                0x08008214       0xb8 build/los_slabmem.o
                0x08008214                osSlabMemInit
 .text.osSlabMemAlloc
                0x080082cc       0xee build/los_slabmem.o
                0x080082cc                osSlabMemAlloc
 .text.osSlabMemFree
                0x080083ba       0xaa build/los_slabmem.o
                0x080083ba                osSlabMemFree
 .text.LOS_Align
                0x08008464       0x3c build/los_misc.o
                0x08008464                LOS_Align
 .text.LOS_ErrHandle
                0x080084a0       0x48 build/los_err.o
                0x080084a0                LOS_ErrHandle
 .text.__NVIC_SetPriority
                0x080084e8       0x54 build/los_hw_tick.o
 .text.SysTick_Config
                0x0800853c       0x44 build/los_hw_tick.o
 .text.osTickStart
                0x08008580       0xa0 build/los_hw_tick.o
                0x08008580                osTickStart
 .text.__NVIC_SetPriorityGrouping
                0x08008620       0x48 build/los_hwi.o
 .text.__NVIC_EnableIRQ
                0x08008668       0x3c build/los_hwi.o
 .text.__NVIC_SetPriority
                0x080086a4       0x54 build/los_hwi.o
 .text.osIntNumGet
                0x080086f8       0x1a build/los_hwi.o
                0x080086f8                osIntNumGet
 *fill*         0x08008712        0x2 
 .text.osHwiDefaultHandler
                0x08008714       0x2c build/los_hwi.o
                0x08008714                osHwiDefaultHandler
 .text.osInterrupt
                0x08008740       0x60 build/los_hwi.o
                0x08008740                osInterrupt
 .text.osHwiInit
                0x080087a0       0x44 build/los_hwi.o
                0x080087a0                osHwiInit
 .text.LOS_HwiCreate
                0x080087e4       0xac build/los_hwi.o
                0x080087e4                LOS_HwiCreate
 .text.osSchedule
                0x08008890        0xc build/los_hw.o
                0x08008890                osSchedule
 .text.LOS_Schedule
                0x0800889c       0x4c build/los_hw.o
                0x0800889c                LOS_Schedule
 .text.osTaskExit
                0x080088e8        0x8 build/los_hw.o
                0x080088e8                osTaskExit
 .text.osTskStackInit
                0x080088f0       0xc4 build/los_hw.o
                0x080088f0                osTskStackInit
 .text.HardWare_Init
                0x080089b4       0xac build/main.o
                0x080089b4                HardWare_Init
 .text.main     0x08008a60       0x64 build/main.o
                0x08008a60                main
 .text.SystemInit
                0x08008ac4       0x6c build/system_stm32l4xx.o
                0x08008ac4                SystemInit
 .text.MX_USART1_UART_Init
                0x08008b30       0x68 build/usart.o
                0x08008b30                MX_USART1_UART_Init
 .text.MX_USART2_UART_Init
                0x08008b98       0x68 build/usart.o
                0x08008b98                MX_USART2_UART_Init
 .text.HAL_UART_MspInit
                0x08008c00      0x17c build/usart.o
                0x08008c00                HAL_UART_MspInit
 .text._write   0x08008d7c       0x2c build/usart.o
                0x08008d7c                _write
 .text.dwt_delay_init
                0x08008da8       0x40 build/dwt.o
                0x08008da8                dwt_delay_init
 .text.delayus  0x08008de8       0x78 build/dwt.o
                0x08008de8                delayus
 .text.delay10ms
                0x08008e60       0x20 build/dwt.o
                0x08008e60                delay10ms
 .text.HAL_GetTick
                0x08008e80       0x10 build/sys_init.o
                0x08008e80                HAL_GetTick
 .text._Error_Handler
                0x08008e90        0xc build/sys_init.o
                0x08008e90                _Error_Handler
 .text.SystemClock_Config
                0x08008e9c      0x140 build/sys_init.o
                0x08008e9c                SystemClock_Config
 .text.MX_I2C1_Init
                0x08008fdc       0x90 build/i2c.o
                0x08008fdc                MX_I2C1_Init
 .text.HAL_I2C_MspInit
                0x0800906c      0x114 build/i2c.o
                0x0800906c                HAL_I2C_MspInit
 .text.MX_SPI2_Init
                0x08009180       0x84 build/spi.o
                0x08009180                MX_SPI2_Init
 .text.HAL_SPI_MspInit
                0x08009204       0x84 build/spi.o
                0x08009204                HAL_SPI_MspInit
 .text.SPI2_WriteByte
                0x08009288       0x28 build/spi.o
                0x08009288                SPI2_WriteByte
 .text.MX_GPIO_Init
                0x080092b0       0xbc build/gpio.o
                0x080092b0                MX_GPIO_Init
 .text.NMI_Handler
                0x0800936c        0xe build/stm32l4xx_it.o
                0x0800936c                NMI_Handler
 .text.HardFault_Handler
                0x0800937a        0x6 build/stm32l4xx_it.o
                0x0800937a                HardFault_Handler
 .text.MemManage_Handler
                0x08009380        0x6 build/stm32l4xx_it.o
                0x08009380                MemManage_Handler
 .text.BusFault_Handler
                0x08009386        0x6 build/stm32l4xx_it.o
                0x08009386                BusFault_Handler
 .text.UsageFault_Handler
                0x0800938c        0x6 build/stm32l4xx_it.o
                0x0800938c                UsageFault_Handler
 .text.SVC_Handler
                0x08009392        0xe build/stm32l4xx_it.o
                0x08009392                SVC_Handler
 .text.DebugMon_Handler
                0x080093a0        0xe build/stm32l4xx_it.o
                0x080093a0                DebugMon_Handler
 .text.SysTick_Handler
                0x080093ae       0x10 build/stm32l4xx_it.o
                0x080093ae                SysTick_Handler
 .text.EXTI2_IRQHandler
                0x080093be        0xe build/stm32l4xx_it.o
                0x080093be                EXTI2_IRQHandler
 .text.EXTI3_IRQHandler
                0x080093cc        0xe build/stm32l4xx_it.o
                0x080093cc                EXTI3_IRQHandler
 .text.atiny_task_entry
                0x080093da        0xc build/user_task.o
                0x080093da                atiny_task_entry
 *fill*         0x080093e6        0x2 
 .text.creat_agenttiny_task
                0x080093e8       0x48 build/user_task.o
                0x080093e8                creat_agenttiny_task
 .text.create_work_tasks
                0x08009430       0x24 build/user_task.o
                0x08009430                create_work_tasks
 .text.__do_nothing
                0x08009454       0x12 build/at_main.o
 *fill*         0x08009466        0x2 
 .text.at_get_time
                0x08009468       0x20 build/at_main.o
                0x08009468                at_get_time
 .text.at_listener_list_add
                0x08009488       0x4c build/at_main.o
                0x08009488                at_listener_list_add
 .text.at_listner_list_del
                0x080094d4       0x50 build/at_main.o
                0x080094d4                at_listner_list_del
 .text.at_listner_list_destroy
                0x08009524       0x36 build/at_main.o
                0x08009524                at_listner_list_destroy
 *fill*         0x0800955a        0x2 
 .text.at_rm_node
                0x0800955c       0x48 build/at_main.o
 .text.at_rm_timeout_nodes
                0x080095a4       0x68 build/at_main.o
 .text.at_get_unuse_linkid
                0x0800960c       0x6c build/at_main.o
                0x0800960c                at_get_unuse_linkid
 .text.store_resp_buf
                0x08009678       0x36 build/at_main.o
                0x08009678                store_resp_buf
 *fill*         0x080096ae        0x2 
 .text.at_cmd_multi_suffix
                0x080096b0      0x128 build/at_main.o
                0x080096b0                at_cmd_multi_suffix
 .text.at_cmd   0x080097d8       0x4a build/at_main.o
                0x080097d8                at_cmd
 *fill*         0x08009822        0x2 
 .text.at_write
                0x08009824      0x128 build/at_main.o
                0x08009824                at_write
 .text.cloud_cmd_matching
                0x0800994c       0xdc build/at_main.o
                0x0800994c                cloud_cmd_matching
 .text.at_handle_callback_cmd_resp
                0x08009a28       0x42 build/at_main.o
 *fill*         0x08009a6a        0x2 
 .text.at_handle_resp
                0x08009a6c       0xd4 build/at_main.o
 .text.at_get_queue_wait_time
                0x08009b40       0x84 build/at_main.o
 .text.at_recv_task
                0x08009bc4      0x104 build/at_main.o
                0x08009bc4                at_recv_task
 .text.create_at_recv_task
                0x08009cc8       0x48 build/at_main.o
                0x08009cc8                create_at_recv_task
 .text.at_init_oob
                0x08009d10       0x20 build/at_main.o
                0x08009d10                at_init_oob
 .text.at_struct_init
                0x08009d30      0x24c build/at_main.o
                0x08009d30                at_struct_init
 .text.at_struct_deinit
                0x08009f7c      0x16c build/at_main.o
                0x08009f7c                at_struct_deinit
 .text.at_get_config
                0x0800a0e8       0x14 build/at_main.o
                0x0800a0e8                at_get_config
 .text.at_init  0x0800a0fc       0xa8 build/at_main.o
                0x0800a0fc                at_init
 .text.at_deinit
                0x0800a1a4       0x90 build/at_main.o
                0x0800a1a4                at_deinit
 .text.at_oob_register
                0x0800a234       0x80 build/at_main.o
                0x0800a234                at_oob_register
 .text.at_malloc
                0x0800a2b4       0x34 build/at_main.o
                0x0800a2b4                at_malloc
 .text.at_free  0x0800a2e8       0x20 build/at_main.o
                0x0800a2e8                at_free
 .text.__do_nothing
                0x0800a308       0x12 build/at_hal.o
 *fill*         0x0800a31a        0x2 
 .text.at_usart_adapter
                0x0800a31c       0x88 build/at_hal.o
 .text.at_irq_handler
                0x0800a3a4       0xcc build/at_hal.o
                0x0800a3a4                at_irq_handler
 .text.at_usart_init
                0x0800a470       0xb4 build/at_hal.o
                0x0800a470                at_usart_init
 .text.at_usart_deinit
                0x0800a524       0x4c build/at_hal.o
                0x0800a524                at_usart_deinit
 .text.at_transmit
                0x0800a570       0x54 build/at_hal.o
                0x0800a570                at_transmit
 .text.read_resp
                0x0800a5c4       0xd8 build/at_hal.o
                0x0800a5c4                read_resp
 .text.write_at_task_msg
                0x0800a69c       0x50 build/at_hal.o
                0x0800a69c                write_at_task_msg
 .text.__do_nothing
                0x0800a6ec       0x12 build/bc95.o
 .text.HexStrToStr
                0x0800a6fe       0xd2 build/bc95.o
                0x0800a6fe                HexStrToStr
 .text.nb_reboot
                0x0800a7d0       0x30 build/bc95.o
                0x0800a7d0                nb_reboot
 .text.nb_hw_detect
                0x0800a800       0x30 build/bc95.o
                0x0800a800                nb_hw_detect
 .text.nb_check_csq
                0x0800a830       0x3c build/bc95.o
                0x0800a830                nb_check_csq
 .text.nb_check_nuestats
                0x0800a86c      0x178 build/bc95.o
                0x0800a86c                nb_check_nuestats
 .text.nb_set_cdpserver
                0x0800a9e4      0x190 build/bc95.o
                0x0800a9e4                nb_set_cdpserver
 .text.nb_send_psk
                0x0800ab74       0x94 build/bc95.o
                0x0800ab74                nb_send_psk
 .text.nb_set_no_encrypt
                0x0800ac08       0x3c build/bc95.o
                0x0800ac08                nb_set_no_encrypt
 .text.nb_send_payload
                0x0800ac44       0x98 build/bc95.o
                0x0800ac44                nb_send_payload
 .text.nb_query_ip
                0x0800acdc       0x3c build/bc95.o
                0x0800acdc                nb_query_ip
 .text.nb_get_netstat
                0x0800ad18       0x3c build/bc95.o
                0x0800ad18                nb_get_netstat
 .text.los_nb_init
                0x0800ad54       0xc4 build/los_nb_api.o
                0x0800ad54                los_nb_init
 .text.los_nb_report
                0x0800ae18       0x2e build/los_nb_api.o
                0x0800ae18                los_nb_report
 *fill*         0x0800ae46        0x2 
 .text.los_nb_notify
                0x0800ae48       0x44 build/los_nb_api.o
                0x0800ae48                los_nb_notify
 .text.Timer1_Callback
                0x0800ae8c      0x124 build/nb_iot_demo.o
 .text.HAL_GPIO_EXTI_Callback
                0x0800afb0       0x68 build/nb_iot_demo.o
                0x0800afb0                HAL_GPIO_EXTI_Callback
 .text.demo_nbiot_only
                0x0800b018       0x80 build/nb_iot_demo.o
                0x0800b018                demo_nbiot_only
 .text.data_collection_task
                0x0800b098       0x9c build/nb_iot_demo.o
                0x0800b098                data_collection_task
 .text.creat_data_collection_task
                0x0800b134       0x48 build/nb_iot_demo.o
                0x0800b134                creat_data_collection_task
 .text.data_report_task
                0x0800b17c      0x1e8 build/nb_iot_demo.o
                0x0800b17c                data_report_task
 .text.creat_data_report_task
                0x0800b364       0x48 build/nb_iot_demo.o
                0x0800b364                creat_data_report_task
 .text.nb_reply_task
                0x0800b3ac       0x68 build/nb_iot_demo.o
                0x0800b3ac                nb_reply_task
 .text.creat_nb_reply_task
                0x0800b414       0x48 build/nb_iot_demo.o
                0x0800b414                creat_nb_reply_task
 .text.nb_iot_entry
                0x0800b45c       0x94 build/nb_iot_demo.o
                0x0800b45c                nb_iot_entry
 .text.__do_nothing
                0x0800b4f0       0x12 build/nb_cmd_ioctl.o
 *fill*         0x0800b502        0x2 
 .text.nb_cmd_data_ioctl
                0x0800b504      0x2b0 build/nb_cmd_ioctl.o
                0x0800b504                nb_cmd_data_ioctl
 .text.OC_cmd_match
                0x0800b7b4       0x2a build/nb_cmd_ioctl.o
                0x0800b7b4                OC_cmd_match
 *fill*         0x0800b7de        0x2 
 .text.Reset_Handler
                0x0800b7e0       0x74 build/los_startup_gcc.o
                0x0800b7e0                Reset_Handler
 .text.__libc_init_array
                0x0800b854       0x48 d:/liteos studio/resources/arm-none-eabi/bin/../lib/gcc/arm-none-eabi/7.3.1/../../../../arm-none-eabi/lib/thumb/v7e-m/fpv4-sp/hard\libc_nano.a(lib_a-init.o)
                0x0800b854                __libc_init_array
 .text.__locale_ctype_ptr_l
                0x0800b89c        0x6 d:/liteos studio/resources/arm-none-eabi/bin/../lib/gcc/arm-none-eabi/7.3.1/../../../../arm-none-eabi/lib/thumb/v7e-m/fpv4-sp/hard\libc_nano.a(lib_a-locale.o)
                0x0800b89c                __locale_ctype_ptr_l
 *fill*         0x0800b8a2        0x2 
 .text.__locale_ctype_ptr
                0x0800b8a4       0x1c d:/liteos studio/resources/arm-none-eabi/bin/../lib/gcc/arm-none-eabi/7.3.1/../../../../arm-none-eabi/lib/thumb/v7e-m/fpv4-sp/hard\libc_nano.a(lib_a-locale.o)
                0x0800b8a4                __locale_ctype_ptr
 .text.__ascii_mbtowc
                0x0800b8c0       0x24 d:/liteos studio/resources/arm-none-eabi/bin/../lib/gcc/arm-none-eabi/7.3.1/../../../../arm-none-eabi/lib/thumb/v7e-m/fpv4-sp/hard\libc_nano.a(lib_a-mbtowc_r.o)
                0x0800b8c0                __ascii_mbtowc
 .text.memcpy   0x0800b8e4       0x16 d:/liteos studio/resources/arm-none-eabi/bin/../lib/gcc/arm-none-eabi/7.3.1/../../../../arm-none-eabi/lib/thumb/v7e-m/fpv4-sp/hard\libc_nano.a(lib_a-memcpy-stub.o)
                0x0800b8e4                memcpy
 .text.memmove  0x0800b8fa       0x32 d:/liteos studio/resources/arm-none-eabi/bin/../lib/gcc/arm-none-eabi/7.3.1/../../../../arm-none-eabi/lib/thumb/v7e-m/fpv4-sp/hard\libc_nano.a(lib_a-memmove.o)
                0x0800b8fa                memmove
 .text.memset   0x0800b92c       0x10 d:/liteos studio/resources/arm-none-eabi/bin/../lib/gcc/arm-none-eabi/7.3.1/../../../../arm-none-eabi/lib/thumb/v7e-m/fpv4-sp/hard\libc_nano.a(lib_a-memset.o)
                0x0800b92c                memset
 .text.__sfputc_r
                0x0800b93c       0x2e d:/liteos studio/resources/arm-none-eabi/bin/../lib/gcc/arm-none-eabi/7.3.1/../../../../arm-none-eabi/lib/thumb/v7e-m/fpv4-sp/hard\libc_nano.a(lib_a-nano-vfprintf.o)
 .text.__sfputs_r
                0x0800b96a       0x24 d:/liteos studio/resources/arm-none-eabi/bin/../lib/gcc/arm-none-eabi/7.3.1/../../../../arm-none-eabi/lib/thumb/v7e-m/fpv4-sp/hard\libc_nano.a(lib_a-nano-vfprintf.o)
                0x0800b96a                __sfputs_r
 *fill*         0x0800b98e        0x2 
 .text._vfprintf_r
                0x0800b990      0x22c d:/liteos studio/resources/arm-none-eabi/bin/../lib/gcc/arm-none-eabi/7.3.1/../../../../arm-none-eabi/lib/thumb/v7e-m/fpv4-sp/hard\libc_nano.a(lib_a-nano-vfprintf.o)
                0x0800b990                _vfprintf_r
                0x0800b990                _vfiprintf_r
 .text._printf_common
                0x0800bbbc       0xea d:/liteos studio/resources/arm-none-eabi/bin/../lib/gcc/arm-none-eabi/7.3.1/../../../../arm-none-eabi/lib/thumb/v7e-m/fpv4-sp/hard\libc_nano.a(lib_a-nano-vfprintf_i.o)
                0x0800bbbc                _printf_common
 *fill*         0x0800bca6        0x2 
 .text._printf_i
                0x0800bca8      0x224 d:/liteos studio/resources/arm-none-eabi/bin/../lib/gcc/arm-none-eabi/7.3.1/../../../../arm-none-eabi/lib/thumb/v7e-m/fpv4-sp/hard\libc_nano.a(lib_a-nano-vfprintf_i.o)
                0x0800bca8                _printf_i
 .text.printf   0x0800becc       0x30 d:/liteos studio/resources/arm-none-eabi/bin/../lib/gcc/arm-none-eabi/7.3.1/../../../../arm-none-eabi/lib/thumb/v7e-m/fpv4-sp/hard\libc_nano.a(lib_a-printf.o)
                0x0800becc                iprintf
                0x0800becc                printf
 .text._puts_r  0x0800befc       0xb8 d:/liteos studio/resources/arm-none-eabi/bin/../lib/gcc/arm-none-eabi/7.3.1/../../../../arm-none-eabi/lib/thumb/v7e-m/fpv4-sp/hard\libc_nano.a(lib_a-puts.o)
                0x0800befc                _puts_r
 .text.puts     0x0800bfb4       0x10 d:/liteos studio/resources/arm-none-eabi/bin/../lib/gcc/arm-none-eabi/7.3.1/../../../../arm-none-eabi/lib/thumb/v7e-m/fpv4-sp/hard\libc_nano.a(lib_a-puts.o)
                0x0800bfb4                puts
 .text.snprintf
                0x0800bfc4       0x68 d:/liteos studio/resources/arm-none-eabi/bin/../lib/gcc/arm-none-eabi/7.3.1/../../../../arm-none-eabi/lib/thumb/v7e-m/fpv4-sp/hard\libc_nano.a(lib_a-snprintf.o)
                0x0800bfc4                sniprintf
                0x0800bfc4                snprintf
 .text.sprintf  0x0800c02c       0x40 d:/liteos studio/resources/arm-none-eabi/bin/../lib/gcc/arm-none-eabi/7.3.1/../../../../arm-none-eabi/lib/thumb/v7e-m/fpv4-sp/hard\libc_nano.a(lib_a-sprintf.o)
                0x0800c02c                siprintf
                0x0800c02c                sprintf
 .text.sscanf   0x0800c06c       0x54 d:/liteos studio/resources/arm-none-eabi/bin/../lib/gcc/arm-none-eabi/7.3.1/../../../../arm-none-eabi/lib/thumb/v7e-m/fpv4-sp/hard\libc_nano.a(lib_a-sscanf.o)
                0x0800c06c                siscanf
                0x0800c06c                sscanf
 .text.__sread  0x0800c0c0       0x22 d:/liteos studio/resources/arm-none-eabi/bin/../lib/gcc/arm-none-eabi/7.3.1/../../../../arm-none-eabi/lib/thumb/v7e-m/fpv4-sp/hard\libc_nano.a(lib_a-stdio.o)
                0x0800c0c0                __sread
 .text.__seofread
                0x0800c0e2        0x4 d:/liteos studio/resources/arm-none-eabi/bin/../lib/gcc/arm-none-eabi/7.3.1/../../../../arm-none-eabi/lib/thumb/v7e-m/fpv4-sp/hard\libc_nano.a(lib_a-stdio.o)
                0x0800c0e2                __seofread
 .text.__swrite
                0x0800c0e6       0x38 d:/liteos studio/resources/arm-none-eabi/bin/../lib/gcc/arm-none-eabi/7.3.1/../../../../arm-none-eabi/lib/thumb/v7e-m/fpv4-sp/hard\libc_nano.a(lib_a-stdio.o)
                0x0800c0e6                __swrite
 .text.__sseek  0x0800c11e       0x24 d:/liteos studio/resources/arm-none-eabi/bin/../lib/gcc/arm-none-eabi/7.3.1/../../../../arm-none-eabi/lib/thumb/v7e-m/fpv4-sp/hard\libc_nano.a(lib_a-stdio.o)
                0x0800c11e                __sseek
 .text.__sclose
                0x0800c142        0x8 d:/liteos studio/resources/arm-none-eabi/bin/../lib/gcc/arm-none-eabi/7.3.1/../../../../arm-none-eabi/lib/thumb/v7e-m/fpv4-sp/hard\libc_nano.a(lib_a-stdio.o)
                0x0800c142                __sclose
 .text.strstr   0x0800c14a       0x34 d:/liteos studio/resources/arm-none-eabi/bin/../lib/gcc/arm-none-eabi/7.3.1/../../../../arm-none-eabi/lib/thumb/v7e-m/fpv4-sp/hard\libc_nano.a(lib_a-strstr.o)
                0x0800c14a                strstr
 *fill*         0x0800c17e        0x2 
 .text.__swbuf_r
                0x0800c180       0xa4 d:/liteos studio/resources/arm-none-eabi/bin/../lib/gcc/arm-none-eabi/7.3.1/../../../../arm-none-eabi/lib/thumb/v7e-m/fpv4-sp/hard\libc_nano.a(lib_a-wbuf.o)
                0x0800c180                __swbuf_r
 .text.__ascii_wctomb
                0x0800c224       0x1a d:/liteos studio/resources/arm-none-eabi/bin/../lib/gcc/arm-none-eabi/7.3.1/../../../../arm-none-eabi/lib/thumb/v7e-m/fpv4-sp/hard\libc_nano.a(lib_a-wctomb_r.o)
                0x0800c224                __ascii_wctomb
 *fill*         0x0800c23e        0x2 
 .text._write_r
                0x0800c240       0x24 d:/liteos studio/resources/arm-none-eabi/bin/../lib/gcc/arm-none-eabi/7.3.1/../../../../arm-none-eabi/lib/thumb/v7e-m/fpv4-sp/hard\libc_nano.a(lib_a-writer.o)
                0x0800c240                _write_r
 .text.__swsetup_r
                0x0800c264       0xdc d:/liteos studio/resources/arm-none-eabi/bin/../lib/gcc/arm-none-eabi/7.3.1/../../../../arm-none-eabi/lib/thumb/v7e-m/fpv4-sp/hard\libc_nano.a(lib_a-wsetup.o)
                0x0800c264                __swsetup_r
 .text._close_r
                0x0800c340       0x20 d:/liteos studio/resources/arm-none-eabi/bin/../lib/gcc/arm-none-eabi/7.3.1/../../../../arm-none-eabi/lib/thumb/v7e-m/fpv4-sp/hard\libc_nano.a(lib_a-closer.o)
                0x0800c340                _close_r
 .text.__sflush_r
                0x0800c360      0x10c d:/liteos studio/resources/arm-none-eabi/bin/../lib/gcc/arm-none-eabi/7.3.1/../../../../arm-none-eabi/lib/thumb/v7e-m/fpv4-sp/hard\libc_nano.a(lib_a-fflush.o)
                0x0800c360                __sflush_r
 .text._fflush_r
                0x0800c46c       0x54 d:/liteos studio/resources/arm-none-eabi/bin/../lib/gcc/arm-none-eabi/7.3.1/../../../../arm-none-eabi/lib/thumb/v7e-m/fpv4-sp/hard\libc_nano.a(lib_a-fflush.o)
                0x0800c46c                _fflush_r
 .text.std      0x0800c4c0       0x48 d:/liteos studio/resources/arm-none-eabi/bin/../lib/gcc/arm-none-eabi/7.3.1/../../../../arm-none-eabi/lib/thumb/v7e-m/fpv4-sp/hard\libc_nano.a(lib_a-findfp.o)
 .text._cleanup_r
                0x0800c508        0xc d:/liteos studio/resources/arm-none-eabi/bin/../lib/gcc/arm-none-eabi/7.3.1/../../../../arm-none-eabi/lib/thumb/v7e-m/fpv4-sp/hard\libc_nano.a(lib_a-findfp.o)
                0x0800c508                _cleanup_r
 .text.__sfmoreglue
                0x0800c514       0x2c d:/liteos studio/resources/arm-none-eabi/bin/../lib/gcc/arm-none-eabi/7.3.1/../../../../arm-none-eabi/lib/thumb/v7e-m/fpv4-sp/hard\libc_nano.a(lib_a-findfp.o)
                0x0800c514                __sfmoreglue
 .text.__sinit  0x0800c540       0x60 d:/liteos studio/resources/arm-none-eabi/bin/../lib/gcc/arm-none-eabi/7.3.1/../../../../arm-none-eabi/lib/thumb/v7e-m/fpv4-sp/hard\libc_nano.a(lib_a-findfp.o)
                0x0800c540                __sinit
 .text.__sfp    0x0800c5a0       0x78 d:/liteos studio/resources/arm-none-eabi/bin/../lib/gcc/arm-none-eabi/7.3.1/../../../../arm-none-eabi/lib/thumb/v7e-m/fpv4-sp/hard\libc_nano.a(lib_a-findfp.o)
                0x0800c5a0                __sfp
 .text._fwalk_reent
                0x0800c618       0x3c d:/liteos studio/resources/arm-none-eabi/bin/../lib/gcc/arm-none-eabi/7.3.1/../../../../arm-none-eabi/lib/thumb/v7e-m/fpv4-sp/hard\libc_nano.a(lib_a-fwalk.o)
                0x0800c618                _fwalk_reent
 .text._lseek_r
                0x0800c654       0x24 d:/liteos studio/resources/arm-none-eabi/bin/../lib/gcc/arm-none-eabi/7.3.1/../../../../arm-none-eabi/lib/thumb/v7e-m/fpv4-sp/hard\libc_nano.a(lib_a-lseekr.o)
                0x0800c654                _lseek_r
 .text.__swhatbuf_r
                0x0800c678       0x48 d:/liteos studio/resources/arm-none-eabi/bin/../lib/gcc/arm-none-eabi/7.3.1/../../../../arm-none-eabi/lib/thumb/v7e-m/fpv4-sp/hard\libc_nano.a(lib_a-makebuf.o)
                0x0800c678                __swhatbuf_r
 .text.__smakebuf_r
                0x0800c6c0       0x80 d:/liteos studio/resources/arm-none-eabi/bin/../lib/gcc/arm-none-eabi/7.3.1/../../../../arm-none-eabi/lib/thumb/v7e-m/fpv4-sp/hard\libc_nano.a(lib_a-makebuf.o)
                0x0800c6c0                __smakebuf_r
 .text._free_r  0x0800c740       0x9c d:/liteos studio/resources/arm-none-eabi/bin/../lib/gcc/arm-none-eabi/7.3.1/../../../../arm-none-eabi/lib/thumb/v7e-m/fpv4-sp/hard\libc_nano.a(lib_a-nano-freer.o)
                0x0800c740                _free_r
 .text._malloc_r
                0x0800c7dc       0xb4 d:/liteos studio/resources/arm-none-eabi/bin/../lib/gcc/arm-none-eabi/7.3.1/../../../../arm-none-eabi/lib/thumb/v7e-m/fpv4-sp/hard\libc_nano.a(lib_a-nano-mallocr.o)
                0x0800c7dc                _malloc_r
 .text._realloc_r
                0x0800c890       0x4c d:/liteos studio/resources/arm-none-eabi/bin/../lib/gcc/arm-none-eabi/7.3.1/../../../../arm-none-eabi/lib/thumb/v7e-m/fpv4-sp/hard\libc_nano.a(lib_a-nano-reallocr.o)
                0x0800c890                _realloc_r
 .text.__ssputs_r
                0x0800c8dc       0xb4 d:/liteos studio/resources/arm-none-eabi/bin/../lib/gcc/arm-none-eabi/7.3.1/../../../../arm-none-eabi/lib/thumb/v7e-m/fpv4-sp/hard\libc_nano.a(lib_a-nano-svfprintf.o)
                0x0800c8dc                __ssputs_r
 .text._svfprintf_r
                0x0800c990      0x1f0 d:/liteos studio/resources/arm-none-eabi/bin/../lib/gcc/arm-none-eabi/7.3.1/../../../../arm-none-eabi/lib/thumb/v7e-m/fpv4-sp/hard\libc_nano.a(lib_a-nano-svfprintf.o)
                0x0800c990                _svfiprintf_r
                0x0800c990                _svfprintf_r
 .text._sungetc_r
                0x0800cb80       0x7a d:/liteos studio/resources/arm-none-eabi/bin/../lib/gcc/arm-none-eabi/7.3.1/../../../../arm-none-eabi/lib/thumb/v7e-m/fpv4-sp/hard\libc_nano.a(lib_a-nano-svfscanf.o)
                0x0800cb80                _sungetc_r
 .text.__ssrefill_r
                0x0800cbfa       0x3a d:/liteos studio/resources/arm-none-eabi/bin/../lib/gcc/arm-none-eabi/7.3.1/../../../../arm-none-eabi/lib/thumb/v7e-m/fpv4-sp/hard\libc_nano.a(lib_a-nano-svfscanf.o)
                0x0800cbfa                __ssrefill_r
 .text.__ssvfscanf_r
                0x0800cc34      0x2a0 d:/liteos studio/resources/arm-none-eabi/bin/../lib/gcc/arm-none-eabi/7.3.1/../../../../arm-none-eabi/lib/thumb/v7e-m/fpv4-sp/hard\libc_nano.a(lib_a-nano-svfscanf.o)
                0x0800cc34                __ssvfiscanf_r
                0x0800cc34                __ssvfscanf_r
 .text._scanf_chars
                0x0800ced4       0xc6 d:/liteos studio/resources/arm-none-eabi/bin/../lib/gcc/arm-none-eabi/7.3.1/../../../../arm-none-eabi/lib/thumb/v7e-m/fpv4-sp/hard\libc_nano.a(lib_a-nano-vfscanf_i.o)
                0x0800ced4                _scanf_chars
 *fill*         0x0800cf9a        0x2 
 .text._scanf_i
                0x0800cf9c      0x1e8 d:/liteos studio/resources/arm-none-eabi/bin/../lib/gcc/arm-none-eabi/7.3.1/../../../../arm-none-eabi/lib/thumb/v7e-m/fpv4-sp/hard\libc_nano.a(lib_a-nano-vfscanf_i.o)
                0x0800cf9c                _scanf_i
 .text._read_r  0x0800d184       0x24 d:/liteos studio/resources/arm-none-eabi/bin/../lib/gcc/arm-none-eabi/7.3.1/../../../../arm-none-eabi/lib/thumb/v7e-m/fpv4-sp/hard\libc_nano.a(lib_a-readr.o)
                0x0800d184                _read_r
 .text._sbrk_r  0x0800d1a8       0x20 d:/liteos studio/resources/arm-none-eabi/bin/../lib/gcc/arm-none-eabi/7.3.1/../../../../arm-none-eabi/lib/thumb/v7e-m/fpv4-sp/hard\libc_nano.a(lib_a-sbrkr.o)
                0x0800d1a8                _sbrk_r
 .text.__sccl   0x0800d1c8       0x64 d:/liteos studio/resources/arm-none-eabi/bin/../lib/gcc/arm-none-eabi/7.3.1/../../../../arm-none-eabi/lib/thumb/v7e-m/fpv4-sp/hard\libc_nano.a(lib_a-sccl.o)
                0x0800d1c8                __sccl
 .text._strtol_l.isra.0
                0x0800d22c       0xf6 d:/liteos studio/resources/arm-none-eabi/bin/../lib/gcc/arm-none-eabi/7.3.1/../../../../arm-none-eabi/lib/thumb/v7e-m/fpv4-sp/hard\libc_nano.a(lib_a-strtol.o)
 *fill*         0x0800d322        0x2 
 .text._strtol_r
                0x0800d324       0x24 d:/liteos studio/resources/arm-none-eabi/bin/../lib/gcc/arm-none-eabi/7.3.1/../../../../arm-none-eabi/lib/thumb/v7e-m/fpv4-sp/hard\libc_nano.a(lib_a-strtol.o)
                0x0800d324                _strtol_r
 .text._strtoul_l.isra.0
                0x0800d348       0xf4 d:/liteos studio/resources/arm-none-eabi/bin/../lib/gcc/arm-none-eabi/7.3.1/../../../../arm-none-eabi/lib/thumb/v7e-m/fpv4-sp/hard\libc_nano.a(lib_a-strtoul.o)
 .text._strtoul_r
                0x0800d43c       0x24 d:/liteos studio/resources/arm-none-eabi/bin/../lib/gcc/arm-none-eabi/7.3.1/../../../../arm-none-eabi/lib/thumb/v7e-m/fpv4-sp/hard\libc_nano.a(lib_a-strtoul.o)
                0x0800d43c                _strtoul_r
 .text.__submore
                0x0800d460       0x74 d:/liteos studio/resources/arm-none-eabi/bin/../lib/gcc/arm-none-eabi/7.3.1/../../../../arm-none-eabi/lib/thumb/v7e-m/fpv4-sp/hard\libc_nano.a(lib_a-ungetc.o)
                0x0800d460                __submore
 .text._fstat_r
                0x0800d4d4       0x24 d:/liteos studio/resources/arm-none-eabi/bin/../lib/gcc/arm-none-eabi/7.3.1/../../../../arm-none-eabi/lib/thumb/v7e-m/fpv4-sp/hard\libc_nano.a(lib_a-fstatr.o)
                0x0800d4d4                _fstat_r
 .text._isatty_r
                0x0800d4f8       0x20 d:/liteos studio/resources/arm-none-eabi/bin/../lib/gcc/arm-none-eabi/7.3.1/../../../../arm-none-eabi/lib/thumb/v7e-m/fpv4-sp/hard\libc_nano.a(lib_a-isattyr.o)
                0x0800d4f8                _isatty_r
 .text.__malloc_lock
                0x0800d518        0x2 d:/liteos studio/resources/arm-none-eabi/bin/../lib/gcc/arm-none-eabi/7.3.1/../../../../arm-none-eabi/lib/thumb/v7e-m/fpv4-sp/hard\libc_nano.a(lib_a-mlock.o)
                0x0800d518                __malloc_lock
 .text.__malloc_unlock
                0x0800d51a        0x2 d:/liteos studio/resources/arm-none-eabi/bin/../lib/gcc/arm-none-eabi/7.3.1/../../../../arm-none-eabi/lib/thumb/v7e-m/fpv4-sp/hard\libc_nano.a(lib_a-mlock.o)
                0x0800d51a                __malloc_unlock
 .text._malloc_usable_size_r
                0x0800d51c       0x10 d:/liteos studio/resources/arm-none-eabi/bin/../lib/gcc/arm-none-eabi/7.3.1/../../../../arm-none-eabi/lib/thumb/v7e-m/fpv4-sp/hard\libc_nano.a(lib_a-nano-msizer.o)
                0x0800d51c                _malloc_usable_size_r
 .text._close   0x0800d52c       0x10 d:/liteos studio/resources/arm-none-eabi/bin/../lib/gcc/arm-none-eabi/7.3.1/../../../../arm-none-eabi/lib/thumb/v7e-m/fpv4-sp/hard\libnosys.a(close.o)
                0x0800d52c                _close
 .text._fstat   0x0800d53c       0x10 d:/liteos studio/resources/arm-none-eabi/bin/../lib/gcc/arm-none-eabi/7.3.1/../../../../arm-none-eabi/lib/thumb/v7e-m/fpv4-sp/hard\libnosys.a(fstat.o)
                0x0800d53c                _fstat
 .text._isatty  0x0800d54c       0x10 d:/liteos studio/resources/arm-none-eabi/bin/../lib/gcc/arm-none-eabi/7.3.1/../../../../arm-none-eabi/lib/thumb/v7e-m/fpv4-sp/hard\libnosys.a(isatty.o)
                0x0800d54c                _isatty
 .text._lseek   0x0800d55c       0x10 d:/liteos studio/resources/arm-none-eabi/bin/../lib/gcc/arm-none-eabi/7.3.1/../../../../arm-none-eabi/lib/thumb/v7e-m/fpv4-sp/hard\libnosys.a(lseek.o)
                0x0800d55c                _lseek
 .text._read    0x0800d56c       0x10 d:/liteos studio/resources/arm-none-eabi/bin/../lib/gcc/arm-none-eabi/7.3.1/../../../../arm-none-eabi/lib/thumb/v7e-m/fpv4-sp/hard\libnosys.a(read.o)
                0x0800d56c                _read
 .text._sbrk    0x0800d57c       0x1c d:/liteos studio/resources/arm-none-eabi/bin/../lib/gcc/arm-none-eabi/7.3.1/../../../../arm-none-eabi/lib/thumb/v7e-m/fpv4-sp/hard\libnosys.a(sbrk.o)
                0x0800d57c                _sbrk
 *(.glue_7)
 .glue_7        0x0800d598        0x0 linker stubs
 *(.glue_7t)
 .glue_7t       0x0800d598        0x0 linker stubs
 *(.eh_frame)
 .eh_frame      0x0800d598        0x0 d:/liteos studio/resources/arm-none-eabi/bin/../lib/gcc/arm-none-eabi/7.3.1/thumb/v7e-m/fpv4-sp/hard/crtbegin.o
 *(.init)
 .init          0x0800d598        0x4 d:/liteos studio/resources/arm-none-eabi/bin/../lib/gcc/arm-none-eabi/7.3.1/thumb/v7e-m/fpv4-sp/hard/crti.o
                0x0800d598                _init
 .init          0x0800d59c        0x8 d:/liteos studio/resources/arm-none-eabi/bin/../lib/gcc/arm-none-eabi/7.3.1/thumb/v7e-m/fpv4-sp/hard/crtn.o
 *(.fini)
 .fini          0x0800d5a4        0x4 d:/liteos studio/resources/arm-none-eabi/bin/../lib/gcc/arm-none-eabi/7.3.1/thumb/v7e-m/fpv4-sp/hard/crti.o
                0x0800d5a4                _fini
 .fini          0x0800d5a8        0x8 d:/liteos studio/resources/arm-none-eabi/bin/../lib/gcc/arm-none-eabi/7.3.1/thumb/v7e-m/fpv4-sp/hard/crtn.o
                0x0800d5b0                . = ALIGN (0x8)
                0x0800d5b0                _etext = .

.vfp11_veneer   0x0800d5b0        0x0
 .vfp11_veneer  0x0800d5b0        0x0 linker stubs

.v4_bx          0x0800d5b0        0x0
 .v4_bx         0x0800d5b0        0x0 linker stubs

.iplt           0x0800d5b0        0x0
 .iplt          0x0800d5b0        0x0 d:/liteos studio/resources/arm-none-eabi/bin/../lib/gcc/arm-none-eabi/7.3.1/thumb/v7e-m/fpv4-sp/hard/crtbegin.o

.rodata         0x0800d5b0    0x21eb8
                0x0800d5b0                . = ALIGN (0x8)
 *(.rodata)
 .rodata        0x0800d5b0       0x72 build/los_init.o
 *fill*         0x0800d622        0x2 
 .rodata        0x0800d624      0x26e build/los_task.o
 *fill*         0x0800d892        0x2 
 .rodata        0x0800d894        0x9 build/los_swtmr.o
 *fill*         0x0800d89d        0x3 
 .rodata        0x0800d8a0       0x24 build/los_queue.o
 .rodata        0x0800d8c4       0x5d build/los_sem.o
 *fill*         0x0800d921        0x3 
 .rodata        0x0800d924       0x3d build/los_mux.o
 *fill*         0x0800d961        0x3 
 .rodata        0x0800d964       0x37 build/los_memory.o
 *fill*         0x0800d99b        0x1 
 .rodata        0x0800d99c       0x4c build/los_heap.o
 .rodata        0x0800d9e8       0x16 build/los_hwi.o
 *fill*         0x0800d9fe        0x2 
 .rodata        0x0800da00       0x40 build/main.o
 .rodata        0x0800da40       0x39 build/usart.o
 *fill*         0x0800da79        0x3 
 .rodata        0x0800da7c       0x3c build/sys_init.o
 .rodata        0x0800dab8       0x37 build/i2c.o
 *fill*         0x0800daef        0x1 
 .rodata        0x0800daf0       0x37 build/spi.o
 *fill*         0x0800db27        0x1 
 .rodata        0x0800db28        0xf build/user_task.o
 *fill*         0x0800db37        0x1 
 .rodata        0x0800db38      0x325 build/at_main.o
 *fill*         0x0800de5d        0x3 
 .rodata        0x0800de60       0x5b build/at_hal.o
 *fill*         0x0800debb        0x1 
 .rodata        0x0800debc      0x460 build/bc95.o
 .rodata        0x0800e31c       0x54 build/los_nb_api.o
 .rodata        0x0800e370      0x246 build/nb_iot_demo.o
 *fill*         0x0800e5b6        0x2 
 .rodata        0x0800e5b8       0xae build/nb_cmd_ioctl.o
 *fill*         0x0800e666        0x2 
 .rodata        0x0800e668        0xc d:/liteos studio/resources/arm-none-eabi/bin/../lib/gcc/arm-none-eabi/7.3.1/../../../../arm-none-eabi/lib/thumb/v7e-m/fpv4-sp/hard\libc_nano.a(lib_a-nano-vfscanf_i.o)
 *(.rodata*)
 .rodata.asc2_1206
                0x0800e674      0x474 build/lcd.o
                0x0800e674                asc2_1206
 .rodata.asc2_1608
                0x0800eae8      0x5f0 build/lcd.o
                0x0800eae8                asc2_1608
 .rodata.asc2_2412
                0x0800f0d8     0x11d0 build/lcd.o
                0x0800f0d8                asc2_2412
 .rodata.asc2_3216
                0x080102a8     0x2f80 build/lcd.o
                0x080102a8                asc2_3216
 .rodata.__FUNCTION__.9850
                0x08013228       0x14 build/los_hwi.o
 .rodata.AHBPrescTable
                0x0801323c       0x10 build/system_stm32l4xx.o
                0x0801323c                AHBPrescTable
 .rodata.APBPrescTable
                0x0801324c        0x8 build/system_stm32l4xx.o
                0x0801324c                APBPrescTable
 .rodata.MSIRangeTable
                0x08013254       0x30 build/system_stm32l4xx.o
                0x08013254                MSIRangeTable
 .rodata.gImage_Huawei_IoT_QR_Code
                0x08013284    0x1c020 build/Huawei_IoT_QR_Code.o
                0x08013284                gImage_Huawei_IoT_QR_Code
 .rodata._global_impure_ptr
                0x0802f2a4        0x4 d:/liteos studio/resources/arm-none-eabi/bin/../lib/gcc/arm-none-eabi/7.3.1/../../../../arm-none-eabi/lib/thumb/v7e-m/fpv4-sp/hard\libc_nano.a(lib_a-impure.o)
                0x0802f2a4                _global_impure_ptr
 .rodata._setlocale_r.str1.1
                0x0802f2a8        0x8 d:/liteos studio/resources/arm-none-eabi/bin/../lib/gcc/arm-none-eabi/7.3.1/../../../../arm-none-eabi/lib/thumb/v7e-m/fpv4-sp/hard\libc_nano.a(lib_a-locale.o)
                                  0x9 (size before relaxing)
 .rodata.str1.1
                0x0802f2b0        0x2 d:/liteos studio/resources/arm-none-eabi/bin/../lib/gcc/arm-none-eabi/7.3.1/../../../../arm-none-eabi/lib/thumb/v7e-m/fpv4-sp/hard\libc_nano.a(lib_a-locale.o)
 .rodata._vfprintf_r.str1.1
                0x0802f2b2       0x11 d:/liteos studio/resources/arm-none-eabi/bin/../lib/gcc/arm-none-eabi/7.3.1/../../../../arm-none-eabi/lib/thumb/v7e-m/fpv4-sp/hard\libc_nano.a(lib_a-nano-vfprintf.o)
 .rodata._printf_i.str1.1
                0x0802f2c3       0x22 d:/liteos studio/resources/arm-none-eabi/bin/../lib/gcc/arm-none-eabi/7.3.1/../../../../arm-none-eabi/lib/thumb/v7e-m/fpv4-sp/hard\libc_nano.a(lib_a-nano-vfprintf_i.o)
 .rodata._ctype_
                0x0802f2e5      0x101 d:/liteos studio/resources/arm-none-eabi/bin/../lib/gcc/arm-none-eabi/7.3.1/../../../../arm-none-eabi/lib/thumb/v7e-m/fpv4-sp/hard\libc_nano.a(lib_a-ctype_.o)
                0x0802f2e5                _ctype_
 *fill*         0x0802f3e6        0x2 
 .rodata.__sf_fake_stderr
                0x0802f3e8       0x20 d:/liteos studio/resources/arm-none-eabi/bin/../lib/gcc/arm-none-eabi/7.3.1/../../../../arm-none-eabi/lib/thumb/v7e-m/fpv4-sp/hard\libc_nano.a(lib_a-findfp.o)
                0x0802f3e8                __sf_fake_stderr
 .rodata.__sf_fake_stdin
                0x0802f408       0x20 d:/liteos studio/resources/arm-none-eabi/bin/../lib/gcc/arm-none-eabi/7.3.1/../../../../arm-none-eabi/lib/thumb/v7e-m/fpv4-sp/hard\libc_nano.a(lib_a-findfp.o)
                0x0802f408                __sf_fake_stdin
 .rodata.__sf_fake_stdout
                0x0802f428       0x20 d:/liteos studio/resources/arm-none-eabi/bin/../lib/gcc/arm-none-eabi/7.3.1/../../../../arm-none-eabi/lib/thumb/v7e-m/fpv4-sp/hard\libc_nano.a(lib_a-findfp.o)
                0x0802f428                __sf_fake_stdout
 .rodata._svfprintf_r.str1.1
                0x0802f448       0x11 d:/liteos studio/resources/arm-none-eabi/bin/../lib/gcc/arm-none-eabi/7.3.1/../../../../arm-none-eabi/lib/thumb/v7e-m/fpv4-sp/hard\libc_nano.a(lib_a-nano-svfprintf.o)
 .rodata.__ssvfscanf_r.str1.1
                0x0802f448        0x4 d:/liteos studio/resources/arm-none-eabi/bin/../lib/gcc/arm-none-eabi/7.3.1/../../../../arm-none-eabi/lib/thumb/v7e-m/fpv4-sp/hard\libc_nano.a(lib_a-nano-svfscanf.o)
 .rodata._scanf_i.str1.1
                0x0802f448       0x12 d:/liteos studio/resources/arm-none-eabi/bin/../lib/gcc/arm-none-eabi/7.3.1/../../../../arm-none-eabi/lib/thumb/v7e-m/fpv4-sp/hard\libc_nano.a(lib_a-nano-vfscanf_i.o)
 .rodata.str1.1
                0x0802f45a        0x9 d:/liteos studio/resources/arm-none-eabi/bin/../lib/gcc/arm-none-eabi/7.3.1/../../../../arm-none-eabi/lib/thumb/v7e-m/fpv4-sp/hard\libc_nano.a(lib_a-nano-vfscanf_i.o)
                0x0802f468                . = ALIGN (0x8)
 *fill*         0x0802f463        0x5 

.ARM.extab      0x0802f468        0x0
                0x0802f468                . = ALIGN (0x8)
 *(.ARM.extab* .gnu.linkonce.armextab.*)
                0x0802f468                . = ALIGN (0x8)

.ARM            0x0802f468        0x8
                0x0802f468                . = ALIGN (0x8)
                0x0802f468                __exidx_start = .
 *(.ARM.exidx*)
 .ARM.exidx     0x0802f468        0x8 d:/liteos studio/resources/arm-none-eabi/bin/../lib/gcc/arm-none-eabi/7.3.1/thumb/v7e-m/fpv4-sp/hard\libgcc.a(_udivmoddi4.o)
                0x0802f470                __exidx_end = .
                0x0802f470                . = ALIGN (0x8)

.rel.dyn        0x0802f470        0x0
 .rel.iplt      0x0802f470        0x0 d:/liteos studio/resources/arm-none-eabi/bin/../lib/gcc/arm-none-eabi/7.3.1/thumb/v7e-m/fpv4-sp/hard/crtbegin.o

.preinit_array  0x0802f470        0x0
                0x0802f470                . = ALIGN (0x8)
                0x0802f470                PROVIDE (__preinit_array_start = .)
 *(.preinit_array*)
                0x0802f470                PROVIDE (__preinit_array_end = .)
                0x0802f470                . = ALIGN (0x8)

.init_array     0x0802f470        0x8
                0x0802f470                . = ALIGN (0x8)
                0x0802f470                PROVIDE (__init_array_start = .)
 *(SORT_BY_NAME(.init_array.*))
 *(.init_array*)
 .init_array    0x0802f470        0x4 d:/liteos studio/resources/arm-none-eabi/bin/../lib/gcc/arm-none-eabi/7.3.1/thumb/v7e-m/fpv4-sp/hard/crtbegin.o
                0x0802f474                PROVIDE (__init_array_end = .)
                0x0802f478                . = ALIGN (0x8)
 *fill*         0x0802f474        0x4 

.fini_array     0x0802f478        0x8
                0x0802f478                . = ALIGN (0x8)
                [!provide]                PROVIDE (__fini_array_start = .)
 *(SORT_BY_NAME(.fini_array.*))
 *(.fini_array*)
 .fini_array    0x0802f478        0x4 d:/liteos studio/resources/arm-none-eabi/bin/../lib/gcc/arm-none-eabi/7.3.1/thumb/v7e-m/fpv4-sp/hard/crtbegin.o
                [!provide]                PROVIDE (__fini_array_end = .)
                0x0802f480                . = ALIGN (0x8)
 *fill*         0x0802f47c        0x4 
                0x0802f480                _si_liteos_vector_data = LOADADDR (.vector_ram)

.vector_ram     0x20000000      0x400 load address 0x0802f480
                0x20000000                . = ORIGIN (RAM)
                0x20000000                _s_liteos_vector = .
 *(.data.vector)
 .data.vector   0x20000000      0x400 build/los_hwi.o
                0x20000000                m_pstHwiForm
                0x20000400                _e_liteos_vector = .
                0x0802f880                _sidata = LOADADDR (.data)

.data           0x20000400      0x248 load address 0x0802f880
                0x20000400                . = ALIGN (0x8)
                0x20000400                _sdata = .
 *(.data)
 *(.data*)
 .data.BACK_COLOR
                0x20000400        0x2 build/lcd.o
                0x20000400                BACK_COLOR
 *fill*         0x20000402        0x2 
 .data.SystemCoreClock
                0x20000404        0x4 build/system_stm32l4xx.o
                0x20000404                SystemCoreClock
 .data.at       0x20000408       0x60 build/at_main.o
                0x20000408                at
 .data.s_pUSART
                0x20000468        0x4 build/at_hal.o
 .data.s_uwIRQn
                0x2000046c        0x4 build/at_hal.o
 .data.qr_code  0x20000470        0x1 build/nb_iot_demo.o
                0x20000470                qr_code
 *fill*         0x20000471        0x3 
 .data._impure_ptr
                0x20000474        0x4 d:/liteos studio/resources/arm-none-eabi/bin/../lib/gcc/arm-none-eabi/7.3.1/../../../../arm-none-eabi/lib/thumb/v7e-m/fpv4-sp/hard\libc_nano.a(lib_a-impure.o)
                0x20000474                _impure_ptr
 .data.impure_data
                0x20000478       0x60 d:/liteos studio/resources/arm-none-eabi/bin/../lib/gcc/arm-none-eabi/7.3.1/../../../../arm-none-eabi/lib/thumb/v7e-m/fpv4-sp/hard\libc_nano.a(lib_a-impure.o)
 .data.__global_locale
                0x200004d8      0x16c d:/liteos studio/resources/arm-none-eabi/bin/../lib/gcc/arm-none-eabi/7.3.1/../../../../arm-none-eabi/lib/thumb/v7e-m/fpv4-sp/hard\libc_nano.a(lib_a-locale.o)
                0x200004d8                __global_locale
                0x20000648                . = ALIGN (0x8)
 *fill*         0x20000644        0x4 
                0x20000648                _edata = .

.igot.plt       0x20000648        0x0 load address 0x0802fac8
 .igot.plt      0x20000648        0x0 d:/liteos studio/resources/arm-none-eabi/bin/../lib/gcc/arm-none-eabi/7.3.1/thumb/v7e-m/fpv4-sp/hard/crtbegin.o
                0x20000648                . = ALIGN (0x4)

.bss            0x20000648     0x19a8 load address 0x0802fac8
                0x20000648                _sbss = .
                0x20000648                __bss_start__ = _sbss
 *(.bss)
 .bss           0x20000648       0x1c d:/liteos studio/resources/arm-none-eabi/bin/../lib/gcc/arm-none-eabi/7.3.1/thumb/v7e-m/fpv4-sp/hard/crtbegin.o
 *(.bss*)
 .bss.lcd_buf   0x20000664      0x480 build/lcd.o
 .bss.POINT_COLOR
                0x20000ae4        0x2 build/lcd.o
                0x20000ae4                POINT_COLOR
 *fill*         0x20000ae6        0x2 
 .bss.g_bSysTickStart
                0x20000ae8        0x4 build/los_tick.o
                0x20000ae8                g_bSysTickStart
 .bss.g_pfnTskSwitchHook
                0x20000aec        0x4 build/los_task.o
                0x20000aec                g_pfnTskSwitchHook
 .bss.g_pfnUsrTskSwitchHook
                0x20000af0        0x4 build/los_task.o
                0x20000af0                g_pfnUsrTskSwitchHook
 .bss.g_uwPriQueueBitmap
                0x20000af4        0x4 build/los_priqueue.o
 .bss.m_uwSwTmrAlignID
                0x20000af8       0x40 build/los_swtmr.o
                0x20000af8                m_uwSwTmrAlignID
 .bss.g_pPoolHead
                0x20000b38        0x4 build/los_memory.o
                0x20000b38                g_pPoolHead
 .bss.g_uwAllocCount
                0x20000b3c        0x4 build/los_heap.o
 .bss.g_uwFreeCount
                0x20000b40        0x4 build/los_heap.o
 .bss.g_uwCurHeapUsed
                0x20000b44        0x4 build/los_heap.o
 .bss.g_uwMaxHeapUsed
                0x20000b48        0x4 build/los_heap.o
 .bss.g_vuwIntCount
                0x20000b4c        0x4 build/los_hwi.o
                0x20000b4c                g_vuwIntCount
 .bss.m_pstHwiSlaveForm
                0x20000b50      0x400 build/los_hwi.o
                0x20000b50                m_pstHwiSlaveForm
 .bss.toggle    0x20000f50        0x1 build/main.o
                0x20000f50                toggle
 .bss.key1      0x20000f51        0x1 build/main.o
                0x20000f51                key1
 .bss.key2      0x20000f52        0x1 build/main.o
                0x20000f52                key2
 *fill*         0x20000f53        0x1 
 .bss.s_resp_buf
                0x20000f54        0xe build/main.o
                0x20000f54                s_resp_buf
 *fill*         0x20000f62        0x2 
 .bss.cpuclkfeq
                0x20000f64        0x4 build/dwt.o
 .bss.g_atiny_tskHandle
                0x20000f68        0x4 build/user_task.o
 .bss.at_user_conf
                0x20000f6c       0x24 build/at_main.o
 .bss.rbuf      0x20000f90      0x400 build/at_main.o
                0x20000f90                rbuf
 .bss.wbuf      0x20001390      0x400 build/at_main.o
                0x20001390                wbuf
 .bss.buff_full
                0x20001790        0x1 build/at_hal.o
                0x20001790                buff_full
 *fill*         0x20001791        0x3 
 .bss.g_disscard_cnt
                0x20001794        0x4 build/at_hal.o
 .bss.wi        0x20001798        0x4 build/at_hal.o
                0x20001798                wi
 .bss.pre_ri    0x2000179c        0x4 build/at_hal.o
                0x2000179c                pre_ri
 .bss.ri        0x200017a0        0x4 build/at_hal.o
                0x200017a0                ri
 .bss.s_report_buf
                0x200017a4      0x100 build/nb_iot_demo.o
 .bss.__malloc_free_list
                0x200018a4        0x4 d:/liteos studio/resources/arm-none-eabi/bin/../lib/gcc/arm-none-eabi/7.3.1/../../../../arm-none-eabi/lib/thumb/v7e-m/fpv4-sp/hard\libc_nano.a(lib_a-nano-mallocr.o)
                0x200018a4                __malloc_free_list
 .bss.__malloc_sbrk_start
                0x200018a8        0x4 d:/liteos studio/resources/arm-none-eabi/bin/../lib/gcc/arm-none-eabi/7.3.1/../../../../arm-none-eabi/lib/thumb/v7e-m/fpv4-sp/hard\libc_nano.a(lib_a-nano-mallocr.o)
                0x200018a8                __malloc_sbrk_start
 .bss.heap_end.5377
                0x200018ac        0x4 d:/liteos studio/resources/arm-none-eabi/bin/../lib/gcc/arm-none-eabi/7.3.1/../../../../arm-none-eabi/lib/thumb/v7e-m/fpv4-sp/hard\libnosys.a(sbrk.o)
 *(COMMON)
 COMMON         0x200018b0        0x4 build/stm32l4xx_hal.o
                0x200018b0                uwTick
 COMMON         0x200018b4        0xc build/BH1750.o
                0x200018b4                result_lx
                0x200018b8                BUF
                0x200018bc                result
 COMMON         0x200018c0        0x4 build/los_init.o
                0x200018c0                m_aucSysMem0
 *fill*         0x200018c4        0x4 
 COMMON         0x200018c8       0x18 build/los_tick.o
                0x200018c8                g_ullTickCount
                0x200018d0                g_uwCyclesPerTick
                0x200018d4                g_uwSysClock
                0x200018d8                g_uwCyclePerSec
                0x200018dc                g_uwTicksPerSec
 COMMON         0x200018e0        0x8 build/los_timeslice.o
                0x200018e0                g_stTaskTimeSlice
 COMMON         0x200018e8      0x198 build/los_task.o
                0x200018e8                g_uwIdleTaskID
                0x200018ec                g_uwSwtmrTaskID
                0x200018f0                g_stTskRecyleList
                0x200018f8                g_stTskSortLink
                0x20001900                g_pstTaskCBArray
                0x20001904                g_uwTskMaxNum
                0x20001908                g_usLosTaskLock
                0x2000190c                g_stLosTask
                0x20001914                g_bTaskScheduled
                0x20001918                g_stLosFreeTask
                0x20001920                g_astTskSwitchInfo
                0x20001a78                g_stTaskTimerList
 COMMON         0x20001a80        0x4 build/los_priqueue.o
                0x20001a80                g_pstLosPriorityQueueList
 COMMON         0x20001a84       0x10 build/los_swtmr.o
                0x20001a84                m_pstSwtmrFreeList
                0x20001a88                m_pstSwtmrCBArray
                0x20001a8c                m_uwSwTmrHandlerQueue
                0x20001a90                m_pstSwtmrSortList
 COMMON         0x20001a94        0xc build/los_queue.o
                0x20001a94                g_stFreeQueueList
                0x20001a9c                g_pstAllQueue
 COMMON         0x20001aa0        0xc build/los_sem.o
                0x20001aa0                g_stUnusedSemList
                0x20001aa8                g_pstAllSem
 COMMON         0x20001aac        0xc build/los_mux.o
                0x20001aac                g_pstAllMux
                0x20001ab0                g_stUnusedMuxList
 COMMON         0x20001ab8        0x4 build/los_err.o
                0x20001ab8                g_stUserErrFunc
 COMMON         0x20001abc       0x29 build/main.o
                0x20001abc                BH1750_send
                0x20001ac4                key2_send
                0x20001acc                reply_sem
                0x20001ad0                key1_send
                0x20001ae4                mid
 *fill*         0x20001ae5        0x3 
 COMMON         0x20001ae8      0x1e0 build/usart.o
                0x20001ae8                huart3
                0x20001b60                hlpuart1
                0x20001bd8                huart1
                0x20001c50                huart2
 COMMON         0x20001cc8       0xe4 build/i2c.o
                0x20001cc8                hi2c3
                0x20001d14                hi2c1
                0x20001d60                hi2c2
 COMMON         0x20001dac       0x64 build/spi.o
                0x20001dac                hspi2
 COMMON         0x20001e10      0x130 build/at_main.o
                0x20001e10                at_oob
 COMMON         0x20001f40       0x78 build/at_hal.o
                0x20001f40                at_usart
 COMMON         0x20001fb8       0x12 build/nb_iot_demo.o
                0x20001fb8                ue_stats
                0x20001fc8                Lux
 *fill*         0x20001fca        0x2 
 COMMON         0x20001fcc       0x1e build/nb_cmd_ioctl.o
                0x20001fcc                bc95_net_data
 *fill*         0x20001fea        0x2 
 COMMON         0x20001fec        0x4 d:/liteos studio/resources/arm-none-eabi/bin/../lib/gcc/arm-none-eabi/7.3.1/../../../../arm-none-eabi/lib/thumb/v7e-m/fpv4-sp/hard\libc_nano.a(lib_a-reent.o)
                0x20001fec                errno
                0x20001ff0                . = ALIGN (0x4)
                0x20001ff0                _ebss = .
                0x20001ff0                __bss_end__ = _ebss

._user_heap_stack
                0x20001ff0      0x600 load address 0x0802fac8
                0x20001ff0                . = ALIGN (0x8)
                0x20001ff0                PROVIDE (end = .)
                [!provide]                PROVIDE (_end = .)
                0x200021f0                . = (. + _Min_Heap_Size)
 *fill*         0x20001ff0      0x200 
                0x200025f0                . = (. + _Min_Stack_Size)
 *fill*         0x200021f0      0x400 
                0x200025f0                . = ALIGN (0x8)
                0x200025f0                . = ALIGN (0x8)
                0x200025f0                __los_heap_addr_start__ = .
                0x2000fbff                __los_heap_addr_end__ = (((ORIGIN (RAM) + LENGTH (RAM)) - _Min_Stack_Size) - 0x1)

/DISCARD/
 libc.a(*)
 libm.a(*)
 libgcc.a(*)

.ARM.attributes
                0x00000000       0x30
 *(.ARM.attributes)
 .ARM.attributes
                0x00000000       0x22 d:/liteos studio/resources/arm-none-eabi/bin/../lib/gcc/arm-none-eabi/7.3.1/thumb/v7e-m/fpv4-sp/hard/crti.o
 .ARM.attributes
                0x00000022       0x34 d:/liteos studio/resources/arm-none-eabi/bin/../lib/gcc/arm-none-eabi/7.3.1/thumb/v7e-m/fpv4-sp/hard/crtbegin.o
 .ARM.attributes
                0x00000056       0x39 build/stm32l4xx_hal_rcc.o
 .ARM.attributes
                0x0000008f       0x39 build/stm32l4xx_hal_pwr_ex.o
 .ARM.attributes
                0x000000c8       0x39 build/stm32l4xx_hal_pwr.o
 .ARM.attributes
                0x00000101       0x39 build/stm32l4xx_hal_gpio.o
 .ARM.attributes
                0x0000013a       0x39 build/stm32l4xx_hal_rcc_ex.o
 .ARM.attributes
                0x00000173       0x39 build/stm32l4xx_hal_cortex.o
 .ARM.attributes
                0x000001ac       0x39 build/stm32l4xx_hal_uart.o
 .ARM.attributes
                0x000001e5       0x39 build/stm32l4xx_hal.o
 .ARM.attributes
                0x0000021e       0x39 build/stm32l4xx_hal_spi.o
 .ARM.attributes
                0x00000257       0x39 build/stm32l4xx_hal_i2c.o
 .ARM.attributes
                0x00000290       0x39 build/stm32l4xx_hal_i2c_ex.o
 .ARM.attributes
                0x000002c9       0x39 build/BH1750.o
 .ARM.attributes
                0x00000302       0x39 build/lcd.o
 .ARM.attributes
                0x0000033b       0x39 build/los_init.o
 .ARM.attributes
                0x00000374       0x39 build/los_tick.o
 .ARM.attributes
                0x000003ad       0x39 build/los_sys.o
 .ARM.attributes
                0x000003e6       0x39 build/los_timeslice.o
 .ARM.attributes
                0x0000041f       0x39 build/los_task.o
 .ARM.attributes
                0x00000458       0x39 build/los_priqueue.o
 .ARM.attributes
                0x00000491       0x39 build/los_swtmr.o
 .ARM.attributes
                0x000004ca       0x39 build/los_queue.o
 .ARM.attributes
                0x00000503       0x39 build/los_sem.o
 .ARM.attributes
                0x0000053c       0x39 build/los_mux.o
 .ARM.attributes
                0x00000575       0x39 build/los_memory.o
 .ARM.attributes
                0x000005ae       0x39 build/los_heap.o
 .ARM.attributes
                0x000005e7       0x39 build/los_slab.o
 .ARM.attributes
                0x00000620       0x39 build/los_slabmem.o
 .ARM.attributes
                0x00000659       0x39 build/los_misc.o
 .ARM.attributes
                0x00000692       0x39 build/los_err.o
 .ARM.attributes
                0x000006cb       0x39 build/los_hw_tick.o
 .ARM.attributes
                0x00000704       0x39 build/los_hwi.o
 .ARM.attributes
                0x0000073d       0x39 build/los_hw.o
 .ARM.attributes
                0x00000776       0x39 build/main.o
 .ARM.attributes
                0x000007af       0x39 build/system_stm32l4xx.o
 .ARM.attributes
                0x000007e8       0x39 build/usart.o
 .ARM.attributes
                0x00000821       0x39 build/dwt.o
 .ARM.attributes
                0x0000085a       0x39 build/sys_init.o
 .ARM.attributes
                0x00000893       0x39 build/i2c.o
 .ARM.attributes
                0x000008cc       0x39 build/spi.o
 .ARM.attributes
                0x00000905       0x39 build/gpio.o
 .ARM.attributes
                0x0000093e       0x39 build/stm32l4xx_it.o
 .ARM.attributes
                0x00000977       0x39 build/user_task.o
 .ARM.attributes
                0x000009b0       0x39 build/Huawei_IoT_QR_Code.o
 .ARM.attributes
                0x000009e9       0x39 build/at_main.o
 .ARM.attributes
                0x00000a22       0x39 build/at_hal.o
 .ARM.attributes
                0x00000a5b       0x39 build/bc95.o
 .ARM.attributes
                0x00000a94       0x39 build/los_nb_api.o
 .ARM.attributes
                0x00000acd       0x39 build/nb_iot_demo.o
 .ARM.attributes
                0x00000b06       0x39 build/nb_cmd_ioctl.o
 .ARM.attributes
                0x00000b3f       0x21 build/los_startup_gcc.o
 .ARM.attributes
                0x00000b60       0x20 build/los_dispatch_gcc.o
 .ARM.attributes
                0x00000b80       0x34 d:/liteos studio/resources/arm-none-eabi/bin/../lib/gcc/arm-none-eabi/7.3.1/../../../../arm-none-eabi/lib/thumb/v7e-m/fpv4-sp/hard\libc_nano.a(lib_a-impure.o)
 .ARM.attributes
                0x00000bb4       0x34 d:/liteos studio/resources/arm-none-eabi/bin/../lib/gcc/arm-none-eabi/7.3.1/../../../../arm-none-eabi/lib/thumb/v7e-m/fpv4-sp/hard\libc_nano.a(lib_a-init.o)
 .ARM.attributes
                0x00000be8       0x34 d:/liteos studio/resources/arm-none-eabi/bin/../lib/gcc/arm-none-eabi/7.3.1/../../../../arm-none-eabi/lib/thumb/v7e-m/fpv4-sp/hard\libc_nano.a(lib_a-locale.o)
 .ARM.attributes
                0x00000c1c       0x34 d:/liteos studio/resources/arm-none-eabi/bin/../lib/gcc/arm-none-eabi/7.3.1/../../../../arm-none-eabi/lib/thumb/v7e-m/fpv4-sp/hard\libc_nano.a(lib_a-mbtowc_r.o)
 .ARM.attributes
                0x00000c50       0x20 d:/liteos studio/resources/arm-none-eabi/bin/../lib/gcc/arm-none-eabi/7.3.1/../../../../arm-none-eabi/lib/thumb/v7e-m/fpv4-sp/hard\libc_nano.a(lib_a-memchr.o)
 .ARM.attributes
                0x00000c70       0x34 d:/liteos studio/resources/arm-none-eabi/bin/../lib/gcc/arm-none-eabi/7.3.1/../../../../arm-none-eabi/lib/thumb/v7e-m/fpv4-sp/hard\libc_nano.a(lib_a-memcpy-stub.o)
 .ARM.attributes
                0x00000ca4       0x34 d:/liteos studio/resources/arm-none-eabi/bin/../lib/gcc/arm-none-eabi/7.3.1/../../../../arm-none-eabi/lib/thumb/v7e-m/fpv4-sp/hard\libc_nano.a(lib_a-memmove.o)
 .ARM.attributes
                0x00000cd8       0x34 d:/liteos studio/resources/arm-none-eabi/bin/../lib/gcc/arm-none-eabi/7.3.1/../../../../arm-none-eabi/lib/thumb/v7e-m/fpv4-sp/hard\libc_nano.a(lib_a-memset.o)
 .ARM.attributes